Archive member included to satisfy reference by file (symbol)

D:/STM32CubeIDE_1.14.1/STM32CubeIDE/plugins/com.st.stm32cube.ide.mcu.externaltools.gnu-tools-for-stm32.11.3.rel1.win32_1.1.100.202309141235/tools/bin/../lib/gcc/arm-none-eabi/11.3.1/../../../../arm-none-eabi/lib/thumb/v7-m/nofp\libc_nano.a(libc_a-exit.o)
                              D:/STM32CubeIDE_1.14.1/STM32CubeIDE/plugins/com.st.stm32cube.ide.mcu.externaltools.gnu-tools-for-stm32.11.3.rel1.win32_1.1.100.202309141235/tools/bin/../lib/gcc/arm-none-eabi/11.3.1/../../../../arm-none-eabi/lib/thumb/v7-m/nofp/crt0.o (exit)
D:/STM32CubeIDE_1.14.1/STM32CubeIDE/plugins/com.st.stm32cube.ide.mcu.externaltools.gnu-tools-for-stm32.11.3.rel1.win32_1.1.100.202309141235/tools/bin/../lib/gcc/arm-none-eabi/11.3.1/../../../../arm-none-eabi/lib/thumb/v7-m/nofp\libc_nano.a(libc_a-itoa.o)
                              ./Core/Src/main.o (itoa)
D:/STM32CubeIDE_1.14.1/STM32CubeIDE/plugins/com.st.stm32cube.ide.mcu.externaltools.gnu-tools-for-stm32.11.3.rel1.win32_1.1.100.202309141235/tools/bin/../lib/gcc/arm-none-eabi/11.3.1/../../../../arm-none-eabi/lib/thumb/v7-m/nofp\libc_nano.a(libc_a-strtol.o)
                              ./Core/Src/main.o (strtol)
D:/STM32CubeIDE_1.14.1/STM32CubeIDE/plugins/com.st.stm32cube.ide.mcu.externaltools.gnu-tools-for-stm32.11.3.rel1.win32_1.1.100.202309141235/tools/bin/../lib/gcc/arm-none-eabi/11.3.1/../../../../arm-none-eabi/lib/thumb/v7-m/nofp\libc_nano.a(libc_a-utoa.o)
                              D:/STM32CubeIDE_1.14.1/STM32CubeIDE/plugins/com.st.stm32cube.ide.mcu.externaltools.gnu-tools-for-stm32.11.3.rel1.win32_1.1.100.202309141235/tools/bin/../lib/gcc/arm-none-eabi/11.3.1/../../../../arm-none-eabi/lib/thumb/v7-m/nofp\libc_nano.a(libc_a-itoa.o) (__utoa)
D:/STM32CubeIDE_1.14.1/STM32CubeIDE/plugins/com.st.stm32cube.ide.mcu.externaltools.gnu-tools-for-stm32.11.3.rel1.win32_1.1.100.202309141235/tools/bin/../lib/gcc/arm-none-eabi/11.3.1/../../../../arm-none-eabi/lib/thumb/v7-m/nofp\libc_nano.a(libc_a-ctype_.o)
                              D:/STM32CubeIDE_1.14.1/STM32CubeIDE/plugins/com.st.stm32cube.ide.mcu.externaltools.gnu-tools-for-stm32.11.3.rel1.win32_1.1.100.202309141235/tools/bin/../lib/gcc/arm-none-eabi/11.3.1/../../../../arm-none-eabi/lib/thumb/v7-m/nofp\libc_nano.a(libc_a-strtol.o) (_ctype_)
D:/STM32CubeIDE_1.14.1/STM32CubeIDE/plugins/com.st.stm32cube.ide.mcu.externaltools.gnu-tools-for-stm32.11.3.rel1.win32_1.1.100.202309141235/tools/bin/../lib/gcc/arm-none-eabi/11.3.1/../../../../arm-none-eabi/lib/thumb/v7-m/nofp\libc_nano.a(libc_a-findfp.o)
                              D:/STM32CubeIDE_1.14.1/STM32CubeIDE/plugins/com.st.stm32cube.ide.mcu.externaltools.gnu-tools-for-stm32.11.3.rel1.win32_1.1.100.202309141235/tools/bin/../lib/gcc/arm-none-eabi/11.3.1/../../../../arm-none-eabi/lib/thumb/v7-m/nofp\libc_nano.a(libc_a-exit.o) (__stdio_exit_handler)
D:/STM32CubeIDE_1.14.1/STM32CubeIDE/plugins/com.st.stm32cube.ide.mcu.externaltools.gnu-tools-for-stm32.11.3.rel1.win32_1.1.100.202309141235/tools/bin/../lib/gcc/arm-none-eabi/11.3.1/../../../../arm-none-eabi/lib/thumb/v7-m/nofp\libc_nano.a(libc_a-fwalk.o)
                              D:/STM32CubeIDE_1.14.1/STM32CubeIDE/plugins/com.st.stm32cube.ide.mcu.externaltools.gnu-tools-for-stm32.11.3.rel1.win32_1.1.100.202309141235/tools/bin/../lib/gcc/arm-none-eabi/11.3.1/../../../../arm-none-eabi/lib/thumb/v7-m/nofp\libc_nano.a(libc_a-findfp.o) (_fwalk_sglue)
D:/STM32CubeIDE_1.14.1/STM32CubeIDE/plugins/com.st.stm32cube.ide.mcu.externaltools.gnu-tools-for-stm32.11.3.rel1.win32_1.1.100.202309141235/tools/bin/../lib/gcc/arm-none-eabi/11.3.1/../../../../arm-none-eabi/lib/thumb/v7-m/nofp\libc_nano.a(libc_a-stdio.o)
                              D:/STM32CubeIDE_1.14.1/STM32CubeIDE/plugins/com.st.stm32cube.ide.mcu.externaltools.gnu-tools-for-stm32.11.3.rel1.win32_1.1.100.202309141235/tools/bin/../lib/gcc/arm-none-eabi/11.3.1/../../../../arm-none-eabi/lib/thumb/v7-m/nofp\libc_nano.a(libc_a-findfp.o) (__sread)
D:/STM32CubeIDE_1.14.1/STM32CubeIDE/plugins/com.st.stm32cube.ide.mcu.externaltools.gnu-tools-for-stm32.11.3.rel1.win32_1.1.100.202309141235/tools/bin/../lib/gcc/arm-none-eabi/11.3.1/../../../../arm-none-eabi/lib/thumb/v7-m/nofp\libc_nano.a(libc_a-memset.o)
                              D:/STM32CubeIDE_1.14.1/STM32CubeIDE/plugins/com.st.stm32cube.ide.mcu.externaltools.gnu-tools-for-stm32.11.3.rel1.win32_1.1.100.202309141235/tools/bin/../lib/gcc/arm-none-eabi/11.3.1/../../../../arm-none-eabi/lib/thumb/v7-m/nofp/crt0.o (memset)
D:/STM32CubeIDE_1.14.1/STM32CubeIDE/plugins/com.st.stm32cube.ide.mcu.externaltools.gnu-tools-for-stm32.11.3.rel1.win32_1.1.100.202309141235/tools/bin/../lib/gcc/arm-none-eabi/11.3.1/../../../../arm-none-eabi/lib/thumb/v7-m/nofp\libc_nano.a(libc_a-closer.o)
[...]
Memory Configuration

Name             Origin             Length             Attributes
RAM              0x0000000020000000 0x0000000000005000 xrw
FLASH            0x0000000008000000 0x0000000000010000 xr
*default*        0x0000000000000000 0xffffffffffffffff

Linker script and memory map

LOAD D:/STM32CubeIDE_1.14.1/STM32CubeIDE/plugins/com.st.stm32cube.ide.mcu.externaltools.gnu-tools-for-stm32.11.3.rel1.win32_1.1.100.202309141235/tools/bin/../lib/gcc/arm-none-eabi/11.3.1/thumb/v7-m/nofp/crti.o
LOAD D:/STM32CubeIDE_1.14.1/STM32CubeIDE/plugins/com.st.stm32cube.ide.mcu.externaltools.gnu-tools-for-stm32.11.3.rel1.win32_1.1.100.202309141235/tools/bin/../lib/gcc/arm-none-eabi/11.3.1/thumb/v7-m/nofp/crtbegin.o
LOAD D:/STM32CubeIDE_1.14.1/STM32CubeIDE/plugins/com.st.stm32cube.ide.mcu.externaltools.gnu-tools-for-stm32.11.3.rel1.win32_1.1.100.202309141235/tools/bin/../lib/gcc/arm-none-eabi/11.3.1/../../../../arm-none-eabi/lib/thumb/v7-m/nofp/crt0.o
LOAD ./Core/Src/main.o
LOAD ./Core/Src/stm32f1xx_hal_msp.o
LOAD ./Core/Src/stm32f1xx_it.o
LOAD ./Core/Src/syscalls.o
LOAD ./Core/Src/sysmem.o
LOAD ./Core/Src/system_stm32f1xx.o
LOAD ./Core/Startup/startup_stm32f103c8tx.o
LOAD ./Drivers/STM32F1xx_HAL_Driver/Src/stm32f1xx_hal.o
LOAD ./Drivers/STM32F1xx_HAL_Driver/Src/stm32f1xx_hal_cortex.o
LOAD ./Drivers/STM32F1xx_HAL_Driver/Src/stm32f1xx_hal_dma.o
LOAD ./Drivers/STM32F1xx_HAL_Driver/Src/stm32f1xx_hal_exti.o
LOAD ./Drivers/STM32F1xx_HAL_Driver/Src/stm32f1xx_hal_flash.o
LOAD ./Drivers/STM32F1xx_HAL_Driver/Src/stm32f1xx_hal_flash_ex.o
LOAD ./Drivers/STM32F1xx_HAL_Driver/Src/stm32f1xx_hal_gpio.o
LOAD ./Drivers/STM32F1xx_HAL_Driver/Src/stm32f1xx_hal_gpio_ex.o
LOAD ./Drivers/STM32F1xx_HAL_Driver/Src/stm32f1xx_hal_pcd.o
LOAD ./Drivers/STM32F1xx_HAL_Driver/Src/stm32f1xx_hal_pcd_ex.o
LOAD ./Drivers/STM32F1xx_HAL_Driver/Src/stm32f1xx_hal_pwr.o
LOAD ./Drivers/STM32F1xx_HAL_Driver/Src/stm32f1xx_hal_rcc.o
LOAD ./Drivers/STM32F1xx_HAL_Driver/Src/stm32f1xx_hal_rcc_ex.o
LOAD ./Drivers/STM32F1xx_HAL_Driver/Src/stm32f1xx_hal_spi.o
LOAD ./Drivers/STM32F1xx_HAL_Driver/Src/stm32f1xx_hal_tim.o
LOAD ./Drivers/STM32F1xx_HAL_Driver/Src/stm32f1xx_hal_tim_ex.o
LOAD ./Drivers/STM32F1xx_HAL_Driver/Src/stm32f1xx_ll_usb.o
LOAD ./Middlewares/ST/STM32_USB_Device_Library/Class/CDC/Src/usbd_cdc.o
LOAD ./Middlewares/ST/STM32_USB_Device_Library/Core/Src/usbd_core.o
LOAD ./Middlewares/ST/STM32_USB_Device_Library/Core/Src/usbd_ctlreq.o
LOAD ./Middlewares/ST/STM32_USB_Device_Library/Core/Src/usbd_ioreq.o
LOAD ./USB_DEVICE/App/usb_device.o
LOAD ./USB_DEVICE/App/usbd_cdc_if.o
LOAD ./USB_DEVICE/App/usbd_desc.o
LOAD ./USB_DEVICE/Target/usbd_conf.o
START GROUP
LOAD D:/STM32CubeIDE_1.14.1/STM32CubeIDE/plugins/com.st.stm32cube.ide.mcu.externaltools.gnu-tools-for-stm32.11.3.rel1.win32_1.1.100.202309141235/tools/bin/../lib/gcc/arm-none-eabi/11.3.1/../../../../arm-none-eabi/lib/thumb/v7-m/nofp\libc_nano.a
LOAD D:/STM32CubeIDE_1.14.1/STM32CubeIDE/plugins/com.st.stm32cube.ide.mcu.externaltools.gnu-tools-for-stm32.11.3.rel1.win32_1.1.100.202309141235/tools/bin/../lib/gcc/arm-none-eabi/11.3.1/../../../../arm-none-eabi/lib/thumb/v7-m/nofp\libm.a
END GROUP
START GROUP
LOAD D:/STM32CubeIDE_1.14.1/STM32CubeIDE/plugins/com.st.stm32cube.ide.mcu.externaltools.gnu-tools-for-stm32.11.3.rel1.win32_1.1.100.202309141235/tools/bin/../lib/gcc/arm-none-eabi/11.3.1/thumb/v7-m/nofp\libgcc.a
LOAD D:/STM32CubeIDE_1.14.1/STM32CubeIDE/plugins/com.st.stm32cube.ide.mcu.externaltools.gnu-tools-for-stm32.11.3.rel1.win32_1.1.100.202309141235/tools/bin/../lib/gcc/arm-none-eabi/11.3.1/../../../../arm-none-eabi/lib/thumb/v7-m/nofp\libc_nano.a
END GROUP
START GROUP
LOAD D:/STM32CubeIDE_1.14.1/STM32CubeIDE/plugins/com.st.stm32cube.ide.mcu.externaltools.gnu-tools-for-stm32.11.3.rel1.win32_1.1.100.202309141235/tools/bin/../lib/gcc/arm-none-eabi/11.3.1/thumb/v7-m/nofp\libgcc.a
LOAD D:/STM32CubeIDE_1.14.1/STM32CubeIDE/plugins/com.st.stm32cube.ide.mcu.externaltools.gnu-tools-for-stm32.11.3.rel1.win32_1.1.100.202309141235/tools/bin/../lib/gcc/arm-none-eabi/11.3.1/../../../../arm-none-eabi/lib/thumb/v7-m/nofp\libc_nano.a
LOAD D:/STM32CubeIDE_1.14.1/STM32CubeIDE/plugins/com.st.stm32cube.ide.mcu.externaltools.gnu-tools-for-stm32.11.3.rel1.win32_1.1.100.202309141235/tools/bin/../lib/gcc/arm-none-eabi/11.3.1/../../../../arm-none-eabi/lib/thumb/v7-m/nofp\libnosys.a
END GROUP
START GROUP
LOAD D:/STM32CubeIDE_1.14.1/STM32CubeIDE/plugins/com.st.stm32cube.ide.mcu.externaltools.gnu-tools-for-stm32.11.3.rel1.win32_1.1.100.202309141235/tools/bin/../lib/gcc/arm-none-eabi/11.3.1/thumb/v7-m/nofp\libgcc.a
LOAD D:/STM32CubeIDE_1.14.1/STM32CubeIDE/plugins/com.st.stm32cube.ide.mcu.externaltools.gnu-tools-for-stm32.11.3.rel1.win32_1.1.100.202309141235/tools/bin/../lib/gcc/arm-none-eabi/11.3.1/../../../../arm-none-eabi/lib/thumb/v7-m/nofp\libc_nano.a
LOAD D:/STM32CubeIDE_1.14.1/STM32CubeIDE/plugins/com.st.stm32cube.ide.mcu.externaltools.gnu-tools-for-stm32.11.3.rel1.win32_1.1.100.202309141235/tools/bin/../lib/gcc/arm-none-eabi/11.3.1/../../../../arm-none-eabi/lib/thumb/v7-m/nofp\libnosys.a
END GROUP
LOAD D:/STM32CubeIDE_1.14.1/STM32CubeIDE/plugins/com.st.stm32cube.ide.mcu.externaltools.gnu-tools-for-stm32.11.3.rel1.win32_1.1.100.202309141235/tools/bin/../lib/gcc/arm-none-eabi/11.3.1/thumb/v7-m/nofp/crtend.o
LOAD D:/STM32CubeIDE_1.14.1/STM32CubeIDE/plugins/com.st.stm32cube.ide.mcu.externaltools.gnu-tools-for-stm32.11.3.rel1.win32_1.1.100.202309141235/tools/bin/../lib/gcc/arm-none-eabi/11.3.1/thumb/v7-m/nofp/crtn.o
                0x0000000020005000                _estack = (ORIGIN (RAM) + LENGTH (RAM))
                0x0000000000000200                _Min_Heap_Size = 0x200
                0x0000000000000400                _Min_Stack_Size = 0x400

.isr_vector     0x0000000008000000      0x10c
                0x0000000008000000                . = ALIGN (0x4)
 *(.isr_vector)
 .isr_vector    0x0000000008000000      0x10c ./Core/Startup/startup_stm32f103c8tx.o
                0x0000000008000000                g_pfnVectors
                0x000000000800010c                . = ALIGN (0x4)

.text           0x000000000800010c     0x83d0
                0x000000000800010c                . = ALIGN (0x4)
 *(.text)
 .text          0x000000000800010c       0x40 D:/STM32CubeIDE_1.14.1/STM32CubeIDE/plugins/com.st.stm32cube.ide.mcu.externaltools.gnu-tools-for-stm32.11.3.rel1.win32_1.1.100.202309141235/tools/bin/../lib/gcc/arm-none-eabi/11.3.1/thumb/v7-m/nofp/crtbegin.o
 .text          0x000000000800014c       0x10 D:/STM32CubeIDE_1.14.1/STM32CubeIDE/plugins/com.st.stm32cube.ide.mcu.externaltools.gnu-tools-for-stm32.11.3.rel1.win32_1.1.100.202309141235/tools/bin/../lib/gcc/arm-none-eabi/11.3.1/../../../../arm-none-eabi/lib/thumb/v7-m/nofp\libc_nano.a(libc_a-strlen.o)
                0x000000000800014c                strlen
 *(.text*)
 .text.main     0x000000000800015c      0x234 ./Core/Src/main.o
                0x000000000800015c                main
 .text.SystemClock_Config
                0x0000000008000390       0xb4 ./Core/Src/main.o
                0x0000000008000390                SystemClock_Config
 .text.MX_SPI1_Init
                0x0000000008000444       0x6c ./Core/Src/main.o
 .text.MX_GPIO_Init
                0x00000000080004b0       0xe0 ./Core/Src/main.o
 .text.User_Delay
                0x0000000008000590       0x34 ./Core/Src/main.o
                0x0000000008000590                User_Delay
 .text.LMX_write
                0x00000000080005c4       0x58 ./Core/Src/main.o
                0x00000000080005c4                LMX_write
 .text.LMX_read
                0x000000000800061c       0x84 ./Core/Src/main.o
                0x000000000800061c                LMX_read
 .text.Error_Handler
                0x00000000080006a0        0xa ./Core/Src/main.o
                0x00000000080006a0                Error_Handler
 *fill*         0x00000000080006aa        0x2 
 .text.HAL_MspInit
                0x00000000080006ac       0x64 ./Core/Src/stm32f1xx_hal_msp.o
                0x00000000080006ac                HAL_MspInit
 .text.HAL_SPI_MspInit
                0x0000000008000710       0x94 ./Core/Src/stm32f1xx_hal_msp.o
                0x0000000008000710                HAL_SPI_MspInit
 .text.NMI_Handler
                0x00000000080007a4        0x6 ./Core/Src/stm32f1xx_it.o
                0x00000000080007a4                NMI_Handler
 .text.HardFault_Handler
                0x00000000080007aa        0x6 ./Core/Src/stm32f1xx_it.o
                0x00000000080007aa                HardFault_Handler
 .text.MemManage_Handler
                0x00000000080007b0        0x6 ./Core/Src/stm32f1xx_it.o
                0x00000000080007b0                MemManage_Handler
 .text.BusFault_Handler
                0x00000000080007b6        0x6 ./Core/Src/stm32f1xx_it.o
                0x00000000080007b6                BusFault_Handler
 .text.UsageFault_Handler
                0x00000000080007bc        0x6 ./Core/Src/stm32f1xx_it.o
                0x00000000080007bc                UsageFault_Handler
 .text.SVC_Handler
                0x00000000080007c2        0xc ./Core/Src/stm32f1xx_it.o
                0x00000000080007c2                SVC_Handler
 .text.DebugMon_Handler
                0x00000000080007ce        0xc ./Core/Src/stm32f1xx_it.o
                0x00000000080007ce                DebugMon_Handler
 .text.PendSV_Handler
                0x00000000080007da        0xc ./Core/Src/stm32f1xx_it.o
                0x00000000080007da                PendSV_Handler
 .text.SysTick_Handler
                0x00000000080007e6        0xc ./Core/Src/stm32f1xx_it.o
                0x00000000080007e6                SysTick_Handler
 *fill*         0x00000000080007f2        0x2 
 .text.USB_HP_CAN1_TX_IRQHandler
                0x00000000080007f4       0x14 ./Core/Src/stm32f1xx_it.o
                0x00000000080007f4                USB_HP_CAN1_TX_IRQHandler
 .text.USB_LP_CAN1_RX0_IRQHandler
                0x0000000008000808       0x14 ./Core/Src/stm32f1xx_it.o
                0x0000000008000808                USB_LP_CAN1_RX0_IRQHandler
 .text.SystemInit
                0x000000000800081c        0xc ./Core/Src/system_stm32f1xx.o
                0x000000000800081c                SystemInit
 .text.Reset_Handler
                0x0000000008000828       0x48 ./Core/Startup/startup_stm32f103c8tx.o
                0x0000000008000828                Reset_Handler
 .text.Default_Handler
                0x0000000008000870        0x2 ./Core/Startup/startup_stm32f103c8tx.o
                0x0000000008000870                RTC_Alarm_IRQHandler
                0x0000000008000870                EXTI2_IRQHandler
                0x0000000008000870                TIM1_CC_IRQHandler
                0x0000000008000870                PVD_IRQHandler
                0x0000000008000870                EXTI3_IRQHandler
                0x0000000008000870                EXTI0_IRQHandler
                0x0000000008000870                I2C2_EV_IRQHandler
                0x0000000008000870                ADC1_2_IRQHandler
                0x0000000008000870                SPI1_IRQHandler
                0x0000000008000870                TAMPER_IRQHandler
                0x0000000008000870                DMA1_Channel4_IRQHandler
                0x0000000008000870                USART3_IRQHandler
                0x0000000008000870                RTC_IRQHandler
                0x0000000008000870                DMA1_Channel7_IRQHandler
                0x0000000008000870                CAN1_RX1_IRQHandler
                0x0000000008000870                TIM4_IRQHandler
                0x0000000008000870                I2C1_EV_IRQHandler
                0x0000000008000870                DMA1_Channel6_IRQHandler
                0x0000000008000870                TIM3_IRQHandler
                0x0000000008000870                RCC_IRQHandler
                0x0000000008000870                TIM1_TRG_COM_IRQHandler
                0x0000000008000870                DMA1_Channel1_IRQHandler
                0x0000000008000870                Default_Handler
                0x0000000008000870                EXTI15_10_IRQHandler
                0x0000000008000870                EXTI9_5_IRQHandler
                0x0000000008000870                SPI2_IRQHandler
                0x0000000008000870                DMA1_Channel5_IRQHandler
                0x0000000008000870                EXTI4_IRQHandler
                0x0000000008000870                DMA1_Channel3_IRQHandler
                0x0000000008000870                TIM1_UP_IRQHandler
                0x0000000008000870                WWDG_IRQHandler
                0x0000000008000870                TIM2_IRQHandler
                0x0000000008000870                TIM1_BRK_IRQHandler
                0x0000000008000870                EXTI1_IRQHandler
                0x0000000008000870                USART2_IRQHandler
                0x0000000008000870                I2C2_ER_IRQHandler
                0x0000000008000870                DMA1_Channel2_IRQHandler
                0x0000000008000870                CAN1_SCE_IRQHandler
                0x0000000008000870                FLASH_IRQHandler
                0x0000000008000870                USART1_IRQHandler
                0x0000000008000870                I2C1_ER_IRQHandler
                0x0000000008000870                USBWakeUp_IRQHandler
 *fill*         0x0000000008000872        0x2 
 .text.HAL_Init
                0x0000000008000874       0x2c ./Drivers/STM32F1xx_HAL_Driver/Src/stm32f1xx_hal.o
                0x0000000008000874                HAL_Init
 .text.HAL_InitTick
                0x00000000080008a0       0x60 ./Drivers/STM32F1xx_HAL_Driver/Src/stm32f1xx_hal.o
                0x00000000080008a0                HAL_InitTick
 .text.HAL_IncTick
                0x0000000008000900       0x24 ./Drivers/STM32F1xx_HAL_Driver/Src/stm32f1xx_hal.o
                0x0000000008000900                HAL_IncTick
 .text.HAL_GetTick
                0x0000000008000924       0x14 ./Drivers/STM32F1xx_HAL_Driver/Src/stm32f1xx_hal.o
                0x0000000008000924                HAL_GetTick
 .text.HAL_Delay
                0x0000000008000938       0x48 ./Drivers/STM32F1xx_HAL_Driver/Src/stm32f1xx_hal.o
                0x0000000008000938                HAL_Delay
 .text.__NVIC_SetPriorityGrouping
                0x0000000008000980       0x48 ./Drivers/STM32F1xx_HAL_Driver/Src/stm32f1xx_hal_cortex.o
 .text.__NVIC_GetPriorityGrouping
                0x00000000080009c8       0x1c ./Drivers/STM32F1xx_HAL_Driver/Src/stm32f1xx_hal_cortex.o
 .text.__NVIC_EnableIRQ
                0x00000000080009e4       0x38 ./Drivers/STM32F1xx_HAL_Driver/Src/stm32f1xx_hal_cortex.o
 .text.__NVIC_SetPriority
                0x0000000008000a1c       0x54 ./Drivers/STM32F1xx_HAL_Driver/Src/stm32f1xx_hal_cortex.o
 .text.NVIC_EncodePriority
                0x0000000008000a70       0x64 ./Drivers/STM32F1xx_HAL_Driver/Src/stm32f1xx_hal_cortex.o
 .text.SysTick_Config
                0x0000000008000ad4       0x44 ./Drivers/STM32F1xx_HAL_Driver/Src/stm32f1xx_hal_cortex.o
 .text.HAL_NVIC_SetPriorityGrouping
                0x0000000008000b18       0x16 ./Drivers/STM32F1xx_HAL_Driver/Src/stm32f1xx_hal_cortex.o
                0x0000000008000b18                HAL_NVIC_SetPriorityGrouping
 .text.HAL_NVIC_SetPriority
                0x0000000008000b2e       0x38 ./Drivers/STM32F1xx_HAL_Driver/Src/stm32f1xx_hal_cortex.o
                0x0000000008000b2e                HAL_NVIC_SetPriority
 .text.HAL_NVIC_EnableIRQ
                0x0000000008000b66       0x1c ./Drivers/STM32F1xx_HAL_Driver/Src/stm32f1xx_hal_cortex.o
                0x0000000008000b66                HAL_NVIC_EnableIRQ
 .text.HAL_SYSTICK_Config
                0x0000000008000b82       0x18 ./Drivers/STM32F1xx_HAL_Driver/Src/stm32f1xx_hal_cortex.o
                0x0000000008000b82                HAL_SYSTICK_Config
 *fill*         0x0000000008000b9a        0x2 
 .text.HAL_GPIO_Init
                0x0000000008000b9c      0x308 ./Drivers/STM32F1xx_HAL_Driver/Src/stm32f1xx_hal_gpio.o
                0x0000000008000b9c                HAL_GPIO_Init
 .text.HAL_GPIO_WritePin
                0x0000000008000ea4       0x30 ./Drivers/STM32F1xx_HAL_Driver/Src/stm32f1xx_hal_gpio.o
                0x0000000008000ea4                HAL_GPIO_WritePin
 .text.HAL_PCD_Init
                0x0000000008000ed4      0x1fe ./Drivers/STM32F1xx_HAL_Driver/Src/stm32f1xx_hal_pcd.o
                0x0000000008000ed4                HAL_PCD_Init
 .text.HAL_PCD_Start
                0x00000000080010d2       0x4c ./Drivers/STM32F1xx_HAL_Driver/Src/stm32f1xx_hal_pcd.o
                0x00000000080010d2                HAL_PCD_Start
 .text.HAL_PCD_IRQHandler
                0x000000000800111e      0x260 ./Drivers/STM32F1xx_HAL_Driver/Src/stm32f1xx_hal_pcd.o
                0x000000000800111e                HAL_PCD_IRQHandler
 .text.HAL_PCD_SetAddress
                0x000000000800137e       0x4a ./Drivers/STM32F1xx_HAL_Driver/Src/stm32f1xx_hal_pcd.o
                0x000000000800137e                HAL_PCD_SetAddress
 .text.HAL_PCD_EP_Open
                0x00000000080013c8       0xba ./Drivers/STM32F1xx_HAL_Driver/Src/stm32f1xx_hal_pcd.o
                0x00000000080013c8                HAL_PCD_EP_Open
 .text.HAL_PCD_EP_Close
                0x0000000008001482       0x90 ./Drivers/STM32F1xx_HAL_Driver/Src/stm32f1xx_hal_pcd.o
                0x0000000008001482                HAL_PCD_EP_Close
 .text.HAL_PCD_EP_Receive
                0x0000000008001512       0x62 ./Drivers/STM32F1xx_HAL_Driver/Src/stm32f1xx_hal_pcd.o
                0x0000000008001512                HAL_PCD_EP_Receive
 .text.HAL_PCD_EP_GetRxCount
                0x0000000008001574       0x2e ./Drivers/STM32F1xx_HAL_Driver/Src/stm32f1xx_hal_pcd.o
                0x0000000008001574                HAL_PCD_EP_GetRxCount
 .text.HAL_PCD_EP_Transmit
                0x00000000080015a2       0x6e ./Drivers/STM32F1xx_HAL_Driver/Src/stm32f1xx_hal_pcd.o
                0x00000000080015a2                HAL_PCD_EP_Transmit
 .text.HAL_PCD_EP_SetStall
                0x0000000008001610       0xc0 ./Drivers/STM32F1xx_HAL_Driver/Src/stm32f1xx_hal_pcd.o
                0x0000000008001610                HAL_PCD_EP_SetStall
 .text.HAL_PCD_EP_ClrStall
                0x00000000080016d0       0xa8 ./Drivers/STM32F1xx_HAL_Driver/Src/stm32f1xx_hal_pcd.o
                0x00000000080016d0                HAL_PCD_EP_ClrStall
 .text.PCD_EP_ISR_Handler
                0x0000000008001778      0x7a6 ./Drivers/STM32F1xx_HAL_Driver/Src/stm32f1xx_hal_pcd.o
 .text.HAL_PCD_EP_DB_Receive
                0x0000000008001f1e      0x21a ./Drivers/STM32F1xx_HAL_Driver/Src/stm32f1xx_hal_pcd.o
 .text.HAL_PCD_EP_DB_Transmit
                0x0000000008002138      0x7f4 ./Drivers/STM32F1xx_HAL_Driver/Src/stm32f1xx_hal_pcd.o
 .text.HAL_PCDEx_PMAConfig
                0x000000000800292c       0x84 ./Drivers/STM32F1xx_HAL_Driver/Src/stm32f1xx_hal_pcd_ex.o
                0x000000000800292c                HAL_PCDEx_PMAConfig
 .text.HAL_RCC_OscConfig
                0x00000000080029b0      0x504 ./Drivers/STM32F1xx_HAL_Driver/Src/stm32f1xx_hal_rcc.o
                0x00000000080029b0                HAL_RCC_OscConfig
 .text.HAL_RCC_ClockConfig
                0x0000000008002eb4      0x1d4 ./Drivers/STM32F1xx_HAL_Driver/Src/stm32f1xx_hal_rcc.o
                0x0000000008002eb4                HAL_RCC_ClockConfig
 .text.HAL_RCC_GetSysClockFreq
                0x0000000008003088       0xa8 ./Drivers/STM32F1xx_HAL_Driver/Src/stm32f1xx_hal_rcc.o
                0x0000000008003088                HAL_RCC_GetSysClockFreq
 .text.RCC_Delay
                0x0000000008003130       0x3c ./Drivers/STM32F1xx_HAL_Driver/Src/stm32f1xx_hal_rcc.o
 .text.HAL_RCCEx_PeriphCLKConfig
                0x000000000800316c      0x16c ./Drivers/STM32F1xx_HAL_Driver/Src/stm32f1xx_hal_rcc_ex.o
                0x000000000800316c                HAL_RCCEx_PeriphCLKConfig
 .text.HAL_SPI_Init
                0x00000000080032d8      0x108 ./Drivers/STM32F1xx_HAL_Driver/Src/stm32f1xx_hal_spi.o
                0x00000000080032d8                HAL_SPI_Init
 .text.HAL_SPI_Transmit
                0x00000000080033e0      0x286 ./Drivers/STM32F1xx_HAL_Driver/Src/stm32f1xx_hal_spi.o
                0x00000000080033e0                HAL_SPI_Transmit
 .text.HAL_SPI_TransmitReceive
                0x0000000008003666      0x360 ./Drivers/STM32F1xx_HAL_Driver/Src/stm32f1xx_hal_spi.o
                0x0000000008003666                HAL_SPI_TransmitReceive
 *fill*         0x00000000080039c6        0x2 
 .text.SPI_WaitFlagStateUntilTimeout
                0x00000000080039c8      0x110 ./Drivers/STM32F1xx_HAL_Driver/Src/stm32f1xx_hal_spi.o
 .text.SPI_EndRxTxTransaction
                0x0000000008003ad8       0x3c ./Drivers/STM32F1xx_HAL_Driver/Src/stm32f1xx_hal_spi.o
 .text.USB_CoreInit
                0x0000000008003b14       0x20 ./Drivers/STM32F1xx_HAL_Driver/Src/stm32f1xx_ll_usb.o
                0x0000000008003b14                USB_CoreInit
 .text.USB_EnableGlobalInt
                0x0000000008003b34       0x2c ./Drivers/STM32F1xx_HAL_Driver/Src/stm32f1xx_ll_usb.o
                0x0000000008003b34                USB_EnableGlobalInt
 .text.USB_DisableGlobalInt
                0x0000000008003b60       0x34 ./Drivers/STM32F1xx_HAL_Driver/Src/stm32f1xx_ll_usb.o
                0x0000000008003b60                USB_DisableGlobalInt
 .text.USB_SetCurrentMode
                0x0000000008003b94       0x18 ./Drivers/STM32F1xx_HAL_Driver/Src/stm32f1xx_ll_usb.o
                0x0000000008003b94                USB_SetCurrentMode
 .text.USB_DevInit
                0x0000000008003bac       0x40 ./Drivers/STM32F1xx_HAL_Driver/Src/stm32f1xx_ll_usb.o
                0x0000000008003bac                USB_DevInit
 .text.USB_ActivateEndpoint
                0x0000000008003bec      0x780 ./Drivers/STM32F1xx_HAL_Driver/Src/stm32f1xx_ll_usb.o
                0x0000000008003bec                USB_ActivateEndpoint
 .text.USB_DeactivateEndpoint
                0x000000000800436c      0x3d8 ./Drivers/STM32F1xx_HAL_Driver/Src/stm32f1xx_ll_usb.o
                0x000000000800436c                USB_DeactivateEndpoint
 .text.USB_EPStartXfer
                0x0000000008004744     0x1762 ./Drivers/STM32F1xx_HAL_Driver/Src/stm32f1xx_ll_usb.o
                0x0000000008004744                USB_EPStartXfer
 .text.USB_EPSetStall
                0x0000000008005ea6       0xa0 ./Drivers/STM32F1xx_HAL_Driver/Src/stm32f1xx_ll_usb.o
                0x0000000008005ea6                USB_EPSetStall
 .text.USB_EPClearStall
                0x0000000008005f46      0x15a ./Drivers/STM32F1xx_HAL_Driver/Src/stm32f1xx_ll_usb.o
                0x0000000008005f46                USB_EPClearStall
 .text.USB_SetDevAddress
                0x00000000080060a0       0x26 ./Drivers/STM32F1xx_HAL_Driver/Src/stm32f1xx_ll_usb.o
                0x00000000080060a0                USB_SetDevAddress
 .text.USB_DevConnect
                0x00000000080060c6       0x14 ./Drivers/STM32F1xx_HAL_Driver/Src/stm32f1xx_ll_usb.o
                0x00000000080060c6                USB_DevConnect
 .text.USB_DevDisconnect
                0x00000000080060da       0x14 ./Drivers/STM32F1xx_HAL_Driver/Src/stm32f1xx_ll_usb.o
                0x00000000080060da                USB_DevDisconnect
 .text.USB_ReadInterrupts
                0x00000000080060ee       0x1e ./Drivers/STM32F1xx_HAL_Driver/Src/stm32f1xx_ll_usb.o
                0x00000000080060ee                USB_ReadInterrupts
 .text.USB_EP0_OutStart
                0x000000000800610c       0x16 ./Drivers/STM32F1xx_HAL_Driver/Src/stm32f1xx_ll_usb.o
                0x000000000800610c                USB_EP0_OutStart
 .text.USB_WritePMA
                0x0000000008006122       0x8a ./Drivers/STM32F1xx_HAL_Driver/Src/stm32f1xx_ll_usb.o
                0x0000000008006122                USB_WritePMA
 .text.USB_ReadPMA
                0x00000000080061ac       0x9e ./Drivers/STM32F1xx_HAL_Driver/Src/stm32f1xx_ll_usb.o
                0x00000000080061ac                USB_ReadPMA
 .text.USBD_CDC_Init
                0x000000000800624a       0xf4 ./Middlewares/ST/STM32_USB_Device_Library/Class/CDC/Src/usbd_cdc.o
 .text.USBD_CDC_DeInit
                0x000000000800633e       0x6e ./Middlewares/ST/STM32_USB_Device_Library/Class/CDC/Src/usbd_cdc.o
 .text.USBD_CDC_Setup
                0x00000000080063ac      0x146 ./Middlewares/ST/STM32_USB_Device_Library/Class/CDC/Src/usbd_cdc.o
 .text.USBD_CDC_DataIn
                0x00000000080064f2       0xa6 ./Middlewares/ST/STM32_USB_Device_Library/Class/CDC/Src/usbd_cdc.o
 .text.USBD_CDC_DataOut
                0x0000000008006598       0x56 ./Middlewares/ST/STM32_USB_Device_Library/Class/CDC/Src/usbd_cdc.o
 .text.USBD_CDC_EP0_RxReady
                0x00000000080065ee       0x50 ./Middlewares/ST/STM32_USB_Device_Library/Class/CDC/Src/usbd_cdc.o
 *fill*         0x000000000800663e        0x2 
 .text.USBD_CDC_GetFSCfgDesc
                0x0000000008006640       0x20 ./Middlewares/ST/STM32_USB_Device_Library/Class/CDC/Src/usbd_cdc.o
 .text.USBD_CDC_GetHSCfgDesc
                0x0000000008006660       0x20 ./Middlewares/ST/STM32_USB_Device_Library/Class/CDC/Src/usbd_cdc.o
 .text.USBD_CDC_GetOtherSpeedCfgDesc
                0x0000000008006680       0x20 ./Middlewares/ST/STM32_USB_Device_Library/Class/CDC/Src/usbd_cdc.o
 .text.USBD_CDC_GetDeviceQualifierDescriptor
                0x00000000080066a0       0x20 ./Middlewares/ST/STM32_USB_Device_Library/Class/CDC/Src/usbd_cdc.o
                0x00000000080066a0                USBD_CDC_GetDeviceQualifierDescriptor
 .text.USBD_CDC_RegisterInterface
                0x00000000080066c0       0x2c ./Middlewares/ST/STM32_USB_Device_Library/Class/CDC/Src/usbd_cdc.o
                0x00000000080066c0                USBD_CDC_RegisterInterface
 .text.USBD_CDC_SetTxBuffer
                0x00000000080066ec       0x32 ./Middlewares/ST/STM32_USB_Device_Library/Class/CDC/Src/usbd_cdc.o
                0x00000000080066ec                USBD_CDC_SetTxBuffer
 .text.USBD_CDC_SetRxBuffer
                0x000000000800671e       0x26 ./Middlewares/ST/STM32_USB_Device_Library/Class/CDC/Src/usbd_cdc.o
                0x000000000800671e                USBD_CDC_SetRxBuffer
 .text.USBD_CDC_TransmitPacket
                0x0000000008006744       0x5e ./Middlewares/ST/STM32_USB_Device_Library/Class/CDC/Src/usbd_cdc.o
                0x0000000008006744                USBD_CDC_TransmitPacket
 .text.USBD_CDC_ReceivePacket
                0x00000000080067a2       0x54 ./Middlewares/ST/STM32_USB_Device_Library/Class/CDC/Src/usbd_cdc.o
                0x00000000080067a2                USBD_CDC_ReceivePacket
 .text.USBD_Init
                0x00000000080067f6       0x56 ./Middlewares/ST/STM32_USB_Device_Library/Core/Src/usbd_core.o
                0x00000000080067f6                USBD_Init
 .text.USBD_RegisterClass
                0x000000000800684c       0x32 ./Middlewares/ST/STM32_USB_Device_Library/Core/Src/usbd_core.o
                0x000000000800684c                USBD_RegisterClass
 .text.USBD_Start
                0x000000000800687e       0x18 ./Middlewares/ST/STM32_USB_Device_Library/Core/Src/usbd_core.o
                0x000000000800687e                USBD_Start
 .text.USBD_RunTestMode
                0x0000000008006896       0x14 ./Middlewares/ST/STM32_USB_Device_Library/Core/Src/usbd_core.o
                0x0000000008006896                USBD_RunTestMode
 .text.USBD_SetClassConfig
                0x00000000080068aa       0x3e ./Middlewares/ST/STM32_USB_Device_Library/Core/Src/usbd_core.o
                0x00000000080068aa                USBD_SetClassConfig
 .text.USBD_ClrClassConfig
                0x00000000080068e8       0x26 ./Middlewares/ST/STM32_USB_Device_Library/Core/Src/usbd_core.o
                0x00000000080068e8                USBD_ClrClassConfig
 .text.USBD_LL_SetupStage
                0x000000000800690e       0x9a ./Middlewares/ST/STM32_USB_Device_Library/Core/Src/usbd_core.o
                0x000000000800690e                USBD_LL_SetupStage
 .text.USBD_LL_DataOutStage
                0x00000000080069a8       0xe2 ./Middlewares/ST/STM32_USB_Device_Library/Core/Src/usbd_core.o
                0x00000000080069a8                USBD_LL_DataOutStage
 .text.USBD_LL_DataInStage
                0x0000000008006a8a      0x14a ./Middlewares/ST/STM32_USB_Device_Library/Core/Src/usbd_core.o
                0x0000000008006a8a                USBD_LL_DataInStage
 .text.USBD_LL_Reset
                0x0000000008006bd4       0x82 ./Middlewares/ST/STM32_USB_Device_Library/Core/Src/usbd_core.o
                0x0000000008006bd4                USBD_LL_Reset
 .text.USBD_LL_SetSpeed
                0x0000000008006c56       0x1e ./Middlewares/ST/STM32_USB_Device_Library/Core/Src/usbd_core.o
                0x0000000008006c56                USBD_LL_SetSpeed
 .text.USBD_LL_Suspend
                0x0000000008006c74       0x28 ./Middlewares/ST/STM32_USB_Device_Library/Core/Src/usbd_core.o
                0x0000000008006c74                USBD_LL_Suspend
 .text.USBD_LL_Resume
                0x0000000008006c9c       0x2a ./Middlewares/ST/STM32_USB_Device_Library/Core/Src/usbd_core.o
                0x0000000008006c9c                USBD_LL_Resume
 .text.USBD_LL_SOF
                0x0000000008006cc6       0x34 ./Middlewares/ST/STM32_USB_Device_Library/Core/Src/usbd_core.o
                0x0000000008006cc6                USBD_LL_SOF
 *fill*         0x0000000008006cfa        0x2 
 .text.USBD_StdDevReq
                0x0000000008006cfc       0xd4 ./Middlewares/ST/STM32_USB_Device_Library/Core/Src/usbd_ctlreq.o
                0x0000000008006cfc                USBD_StdDevReq
 .text.USBD_StdItfReq
                0x0000000008006dd0       0x90 ./Middlewares/ST/STM32_USB_Device_Library/Core/Src/usbd_ctlreq.o
                0x0000000008006dd0                USBD_StdItfReq
 .text.USBD_StdEPReq
                0x0000000008006e60      0x2c6 ./Middlewares/ST/STM32_USB_Device_Library/Core/Src/usbd_ctlreq.o
                0x0000000008006e60                USBD_StdEPReq
 *fill*         0x0000000008007126        0x2 
 .text.USBD_GetDescriptor
                0x0000000008007128      0x2d0 ./Middlewares/ST/STM32_USB_Device_Library/Core/Src/usbd_ctlreq.o
 .text.USBD_SetAddress
                0x00000000080073f8       0x86 ./Middlewares/ST/STM32_USB_Device_Library/Core/Src/usbd_ctlreq.o
 *fill*         0x000000000800747e        0x2 
 .text.USBD_SetConfig
                0x0000000008007480      0x11c ./Middlewares/ST/STM32_USB_Device_Library/Core/Src/usbd_ctlreq.o
 .text.USBD_GetConfig
                0x000000000800759c       0x6a ./Middlewares/ST/STM32_USB_Device_Library/Core/Src/usbd_ctlreq.o
 .text.USBD_GetStatus
                0x0000000008007606       0x66 ./Middlewares/ST/STM32_USB_Device_Library/Core/Src/usbd_ctlreq.o
 .text.USBD_SetFeature
                0x000000000800766c       0x28 ./Middlewares/ST/STM32_USB_Device_Library/Core/Src/usbd_ctlreq.o
 .text.USBD_ClrFeature
                0x0000000008007694       0x42 ./Middlewares/ST/STM32_USB_Device_Library/Core/Src/usbd_ctlreq.o
 .text.USBD_ParseSetupRequest
                0x00000000080076d6       0x78 ./Middlewares/ST/STM32_USB_Device_Library/Core/Src/usbd_ctlreq.o
                0x00000000080076d6                USBD_ParseSetupRequest
 .text.USBD_CtlError
                0x000000000800774e       0x22 ./Middlewares/ST/STM32_USB_Device_Library/Core/Src/usbd_ctlreq.o
                0x000000000800774e                USBD_CtlError
 .text.USBD_GetString
                0x0000000008007770       0x84 ./Middlewares/ST/STM32_USB_Device_Library/Core/Src/usbd_ctlreq.o
                0x0000000008007770                USBD_GetString
 .text.USBD_GetLen
                0x00000000080077f4       0x2e ./Middlewares/ST/STM32_USB_Device_Library/Core/Src/usbd_ctlreq.o
 .text.USBD_CtlSendData
                0x0000000008007822       0x38 ./Middlewares/ST/STM32_USB_Device_Library/Core/Src/usbd_ioreq.o
                0x0000000008007822                USBD_CtlSendData
 .text.USBD_CtlContinueSendData
                0x000000000800785a       0x24 ./Middlewares/ST/STM32_USB_Device_Library/Core/Src/usbd_ioreq.o
                0x000000000800785a                USBD_CtlContinueSendData
 .text.USBD_CtlPrepareRx
                0x000000000800787e       0x3c ./Middlewares/ST/STM32_USB_Device_Library/Core/Src/usbd_ioreq.o
                0x000000000800787e                USBD_CtlPrepareRx
 .text.USBD_CtlContinueRx
                0x00000000080078ba       0x24 ./Middlewares/ST/STM32_USB_Device_Library/Core/Src/usbd_ioreq.o
                0x00000000080078ba                USBD_CtlContinueRx
 .text.USBD_CtlSendStatus
                0x00000000080078de       0x26 ./Middlewares/ST/STM32_USB_Device_Library/Core/Src/usbd_ioreq.o
                0x00000000080078de                USBD_CtlSendStatus
 .text.USBD_CtlReceiveStatus
                0x0000000008007904       0x26 ./Middlewares/ST/STM32_USB_Device_Library/Core/Src/usbd_ioreq.o
                0x0000000008007904                USBD_CtlReceiveStatus
 *fill*         0x000000000800792a        0x2 
 .text.MX_USB_DEVICE_Init
                0x000000000800792c       0x60 ./USB_DEVICE/App/usb_device.o
                0x000000000800792c                MX_USB_DEVICE_Init
 .text.CDC_Init_FS
                0x000000000800798c       0x28 ./USB_DEVICE/App/usbd_cdc_if.o
 .text.CDC_DeInit_FS
                0x00000000080079b4        0xe ./USB_DEVICE/App/usbd_cdc_if.o
 *fill*         0x00000000080079c2        0x2 
 .text.CDC_Control_FS
                0x00000000080079c4       0xbc ./USB_DEVICE/App/usbd_cdc_if.o
 .text.CDC_Receive_FS
                0x0000000008007a80       0x3c ./USB_DEVICE/App/usbd_cdc_if.o
 .text.CDC_Transmit_FS
                0x0000000008007abc       0x4c ./USB_DEVICE/App/usbd_cdc_if.o
                0x0000000008007abc                CDC_Transmit_FS
 .text.USBD_FS_DeviceDescriptor
                0x0000000008007b08       0x24 ./USB_DEVICE/App/usbd_desc.o
                0x0000000008007b08                USBD_FS_DeviceDescriptor
 .text.USBD_FS_LangIDStrDescriptor
                0x0000000008007b2c       0x24 ./USB_DEVICE/App/usbd_desc.o
                0x0000000008007b2c                USBD_FS_LangIDStrDescriptor
 .text.USBD_FS_ProductStrDescriptor
                0x0000000008007b50       0x3c ./USB_DEVICE/App/usbd_desc.o
                0x0000000008007b50                USBD_FS_ProductStrDescriptor
 .text.USBD_FS_ManufacturerStrDescriptor
                0x0000000008007b8c       0x28 ./USB_DEVICE/App/usbd_desc.o
                0x0000000008007b8c                USBD_FS_ManufacturerStrDescriptor
 .text.USBD_FS_SerialStrDescriptor
                0x0000000008007bb4       0x24 ./USB_DEVICE/App/usbd_desc.o
                0x0000000008007bb4                USBD_FS_SerialStrDescriptor
 .text.USBD_FS_ConfigStrDescriptor
                0x0000000008007bd8       0x3c ./USB_DEVICE/App/usbd_desc.o
                0x0000000008007bd8                USBD_FS_ConfigStrDescriptor
 .text.USBD_FS_InterfaceStrDescriptor
                0x0000000008007c14       0x3c ./USB_DEVICE/App/usbd_desc.o
                0x0000000008007c14                USBD_FS_InterfaceStrDescriptor
 .text.Get_SerialNum
                0x0000000008007c50       0x58 ./USB_DEVICE/App/usbd_desc.o
 .text.IntToUnicode
                0x0000000008007ca8       0x7c ./USB_DEVICE/App/usbd_desc.o
 .text.HAL_PCD_MspInit
                0x0000000008007d24       0x5c ./USB_DEVICE/Target/usbd_conf.o
                0x0000000008007d24                HAL_PCD_MspInit
 .text.HAL_PCD_SetupStageCallback
                0x0000000008007d80       0x24 ./USB_DEVICE/Target/usbd_conf.o
                0x0000000008007d80                HAL_PCD_SetupStageCallback
 .text.HAL_PCD_DataOutStageCallback
                0x0000000008007da4       0x36 ./USB_DEVICE/Target/usbd_conf.o
                0x0000000008007da4                HAL_PCD_DataOutStageCallback
 .text.HAL_PCD_DataInStageCallback
                0x0000000008007dda       0x34 ./USB_DEVICE/Target/usbd_conf.o
                0x0000000008007dda                HAL_PCD_DataInStageCallback
 .text.HAL_PCD_SOFCallback
                0x0000000008007e0e       0x1c ./USB_DEVICE/Target/usbd_conf.o
                0x0000000008007e0e                HAL_PCD_SOFCallback
 .text.HAL_PCD_ResetCallback
                0x0000000008007e2a       0x3c ./USB_DEVICE/Target/usbd_conf.o
                0x0000000008007e2a                HAL_PCD_ResetCallback
 *fill*         0x0000000008007e66        0x2 
 .text.HAL_PCD_SuspendCallback
                0x0000000008007e68       0x34 ./USB_DEVICE/Target/usbd_conf.o
                0x0000000008007e68                HAL_PCD_SuspendCallback
 .text.HAL_PCD_ResumeCallback
                0x0000000008007e9c       0x1c ./USB_DEVICE/Target/usbd_conf.o
                0x0000000008007e9c                HAL_PCD_ResumeCallback
 .text.USBD_LL_Init
                0x0000000008007eb8       0xb4 ./USB_DEVICE/Target/usbd_conf.o
                0x0000000008007eb8                USBD_LL_Init
 .text.USBD_LL_Start
                0x0000000008007f6c       0x36 ./USB_DEVICE/Target/usbd_conf.o
                0x0000000008007f6c                USBD_LL_Start
 .text.USBD_LL_OpenEP
                0x0000000008007fa2       0x4c ./USB_DEVICE/Target/usbd_conf.o
                0x0000000008007fa2                USBD_LL_OpenEP
 .text.USBD_LL_CloseEP
                0x0000000008007fee       0x3e ./USB_DEVICE/Target/usbd_conf.o
                0x0000000008007fee                USBD_LL_CloseEP
 .text.USBD_LL_StallEP
                0x000000000800802c       0x3e ./USB_DEVICE/Target/usbd_conf.o
                0x000000000800802c                USBD_LL_StallEP
 .text.USBD_LL_ClearStallEP
                0x000000000800806a       0x3e ./USB_DEVICE/Target/usbd_conf.o
                0x000000000800806a                USBD_LL_ClearStallEP
 .text.USBD_LL_IsStallEP
                0x00000000080080a8       0x58 ./USB_DEVICE/Target/usbd_conf.o
                0x00000000080080a8                USBD_LL_IsStallEP
 .text.USBD_LL_SetUSBAddress
                0x0000000008008100       0x3e ./USB_DEVICE/Target/usbd_conf.o
                0x0000000008008100                USBD_LL_SetUSBAddress
 .text.USBD_LL_Transmit
                0x000000000800813e       0x46 ./USB_DEVICE/Target/usbd_conf.o
                0x000000000800813e                USBD_LL_Transmit
 .text.USBD_LL_PrepareReceive
                0x0000000008008184       0x46 ./USB_DEVICE/Target/usbd_conf.o
                0x0000000008008184                USBD_LL_PrepareReceive
 .text.USBD_LL_GetRxDataSize
                0x00000000080081ca       0x26 ./USB_DEVICE/Target/usbd_conf.o
                0x00000000080081ca                USBD_LL_GetRxDataSize
 .text.USBD_static_malloc
                0x00000000080081f0       0x18 ./USB_DEVICE/Target/usbd_conf.o
                0x00000000080081f0                USBD_static_malloc
 .text.USBD_static_free
                0x0000000008008208       0x12 ./USB_DEVICE/Target/usbd_conf.o
                0x0000000008008208                USBD_static_free
 .text.HAL_PCDEx_SetConnectionState
                0x000000000800821a       0x16 ./USB_DEVICE/Target/usbd_conf.o
                0x000000000800821a                HAL_PCDEx_SetConnectionState
 .text.USBD_Get_USB_Status
                0x0000000008008230       0x58 ./USB_DEVICE/Target/usbd_conf.o
 .text.__itoa   0x0000000008008288       0x30 D:/STM32CubeIDE_1.14.1/STM32CubeIDE/plugins/com.st.stm32cube.ide.mcu.externaltools.gnu-tools-for-stm32.11.3.rel1.win32_1.1.100.202309141235/tools/bin/../lib/gcc/arm-none-eabi/11.3.1/../../../../arm-none-eabi/lib/thumb/v7-m/nofp\libc_nano.a(libc_a-itoa.o)
                0x0000000008008288                __itoa
 .text.itoa     0x00000000080082b8        0x4 D:/STM32CubeIDE_1.14.1/STM32CubeIDE/plugins/com.st.stm32cube.ide.mcu.externaltools.gnu-tools-for-stm32.11.3.rel1.win32_1.1.100.202309141235/tools/bin/../lib/gcc/arm-none-eabi/11.3.1/../../../../arm-none-eabi/lib/thumb/v7-m/nofp\libc_nano.a(libc_a-itoa.o)
                0x00000000080082b8                itoa
 .text._strtol_l.constprop.0
                0x00000000080082bc       0xfc D:/STM32CubeIDE_1.14.1/STM32CubeIDE/plugins/com.st.stm32cube.ide.mcu.externaltools.gnu-tools-for-stm32.11.3.rel1.win32_1.1.100.202309141235/tools/bin/../lib/gcc/arm-none-eabi/11.3.1/../../../../arm-none-eabi/lib/thumb/v7-m/nofp\libc_nano.a(libc_a-strtol.o)
 .text.strtol   0x00000000080083b8       0x14 D:/STM32CubeIDE_1.14.1/STM32CubeIDE/plugins/com.st.stm32cube.ide.mcu.externaltools.gnu-tools-for-stm32.11.3.rel1.win32_1.1.100.202309141235/tools/bin/../lib/gcc/arm-none-eabi/11.3.1/../../../../arm-none-eabi/lib/thumb/v7-m/nofp\libc_nano.a(libc_a-strtol.o)
                0x00000000080083b8                strtol
 .text.__utoa   0x00000000080083cc       0x84 D:/STM32CubeIDE_1.14.1/STM32CubeIDE/plugins/com.st.stm32cube.ide.mcu.externaltools.gnu-tools-for-stm32.11.3.rel1.win32_1.1.100.202309141235/tools/bin/../lib/gcc/arm-none-eabi/11.3.1/../../../../arm-none-eabi/lib/thumb/v7-m/nofp\libc_nano.a(libc_a-utoa.o)
                0x00000000080083cc                __utoa
 .text.memset   0x0000000008008450       0x10 D:/STM32CubeIDE_1.14.1/STM32CubeIDE/plugins/com.st.stm32cube.ide.mcu.externaltools.gnu-tools-for-stm32.11.3.rel1.win32_1.1.100.202309141235/tools/bin/../lib/gcc/arm-none-eabi/11.3.1/../../../../arm-none-eabi/lib/thumb/v7-m/nofp\libc_nano.a(libc_a-memset.o)
                0x0000000008008450                memset
 .text.__errno  0x0000000008008460        0xc D:/STM32CubeIDE_1.14.1/STM32CubeIDE/plugins/com.st.stm32cube.ide.mcu.externaltools.gnu-tools-for-stm32.11.3.rel1.win32_1.1.100.202309141235/tools/bin/../lib/gcc/arm-none-eabi/11.3.1/../../../../arm-none-eabi/lib/thumb/v7-m/nofp\libc_nano.a(libc_a-errno.o)
                0x0000000008008460                __errno
 .text.__libc_init_array
                0x000000000800846c       0x48 D:/STM32CubeIDE_1.14.1/STM32CubeIDE/plugins/com.st.stm32cube.ide.mcu.externaltools.gnu-tools-for-stm32.11.3.rel1.win32_1.1.100.202309141235/tools/bin/../lib/gcc/arm-none-eabi/11.3.1/../../../../arm-none-eabi/lib/thumb/v7-m/nofp\libc_nano.a(libc_a-init.o)
                0x000000000800846c                __libc_init_array
 .text.strcpy   0x00000000080084b4       0x10 D:/STM32CubeIDE_1.14.1/STM32CubeIDE/plugins/com.st.stm32cube.ide.mcu.externaltools.gnu-tools-for-stm32.11.3.rel1.win32_1.1.100.202309141235/tools/bin/../lib/gcc/arm-none-eabi/11.3.1/../../../../arm-none-eabi/lib/thumb/v7-m/nofp\libc_nano.a(libc_a-strcpy.o)
                0x00000000080084b4                strcpy
 *(.glue_7)
 .glue_7        0x00000000080084c4        0x0 linker stubs
 *(.glue_7t)
 .glue_7t       0x00000000080084c4        0x0 linker stubs
 *(.eh_frame)
 .eh_frame      0x00000000080084c4        0x0 D:/STM32CubeIDE_1.14.1/STM32CubeIDE/plugins/com.st.stm32cube.ide.mcu.externaltools.gnu-tools-for-stm32.11.3.rel1.win32_1.1.100.202309141235/tools/bin/../lib/gcc/arm-none-eabi/11.3.1/thumb/v7-m/nofp/crtbegin.o
 *(.init)
 .init          0x00000000080084c4        0x4 D:/STM32CubeIDE_1.14.1/STM32CubeIDE/plugins/com.st.stm32cube.ide.mcu.externaltools.gnu-tools-for-stm32.11.3.rel1.win32_1.1.100.202309141235/tools/bin/../lib/gcc/arm-none-eabi/11.3.1/thumb/v7-m/nofp/crti.o
                0x00000000080084c4                _init
 .init          0x00000000080084c8        0x8 D:/STM32CubeIDE_1.14.1/STM32CubeIDE/plugins/com.st.stm32cube.ide.mcu.externaltools.gnu-tools-for-stm32.11.3.rel1.win32_1.1.100.202309141235/tools/bin/../lib/gcc/arm-none-eabi/11.3.1/thumb/v7-m/nofp/crtn.o
 *(.fini)
 .fini          0x00000000080084d0        0x4 D:/STM32CubeIDE_1.14.1/STM32CubeIDE/plugins/com.st.stm32cube.ide.mcu.externaltools.gnu-tools-for-stm32.11.3.rel1.win32_1.1.100.202309141235/tools/bin/../lib/gcc/arm-none-eabi/11.3.1/thumb/v7-m/nofp/crti.o
                0x00000000080084d0                _fini
 .fini          0x00000000080084d4        0x8 D:/STM32CubeIDE_1.14.1/STM32CubeIDE/plugins/com.st.stm32cube.ide.mcu.externaltools.gnu-tools-for-stm32.11.3.rel1.win32_1.1.100.202309141235/tools/bin/../lib/gcc/arm-none-eabi/11.3.1/thumb/v7-m/nofp/crtn.o
                0x00000000080084dc                . = ALIGN (0x4)
                0x00000000080084dc                _etext = .

.vfp11_veneer   0x00000000080084dc        0x0
 .vfp11_veneer  0x00000000080084dc        0x0 linker stubs

.v4_bx          0x00000000080084dc        0x0
 .v4_bx         0x00000000080084dc        0x0 linker stubs

.iplt           0x00000000080084dc        0x0
 .iplt          0x00000000080084dc        0x0 D:/STM32CubeIDE_1.14.1/STM32CubeIDE/plugins/com.st.stm32cube.ide.mcu.externaltools.gnu-tools-for-stm32.11.3.rel1.win32_1.1.100.202309141235/tools/bin/../lib/gcc/arm-none-eabi/11.3.1/thumb/v7-m/nofp/crtbegin.o

.rodata         0x00000000080084dc      0x260
                0x00000000080084dc                . = ALIGN (0x4)
 *(.rodata)
 .rodata        0x00000000080084dc       0xcf ./Core/Src/main.o
 *fill*         0x00000000080085ab        0x1 
 .rodata        0x00000000080085ac       0x46 ./USB_DEVICE/App/usbd_desc.o
 *(.rodata*)
 *fill*         0x00000000080085f2        0x2 
 .rodata.AHBPrescTable
                0x00000000080085f4       0x10 ./Core/Src/system_stm32f1xx.o
                0x00000000080085f4                AHBPrescTable
 .rodata.aPLLMULFactorTable.1
                0x0000000008008604       0x10 ./Drivers/STM32F1xx_HAL_Driver/Src/stm32f1xx_hal_rcc.o
 .rodata.aPredivFactorTable.0
                0x0000000008008614        0x2 ./Drivers/STM32F1xx_HAL_Driver/Src/stm32f1xx_hal_rcc.o
 .rodata.__utoa.str1.1
                0x0000000008008616       0x25 D:/STM32CubeIDE_1.14.1/STM32CubeIDE/plugins/com.st.stm32cube.ide.mcu.externaltools.gnu-tools-for-stm32.11.3.rel1.win32_1.1.100.202309141235/tools/bin/../lib/gcc/arm-none-eabi/11.3.1/../../../../arm-none-eabi/lib/thumb/v7-m/nofp\libc_nano.a(libc_a-utoa.o)
 .rodata._ctype_
                0x000000000800863b      0x101 D:/STM32CubeIDE_1.14.1/STM32CubeIDE/plugins/com.st.stm32cube.ide.mcu.externaltools.gnu-tools-for-stm32.11.3.rel1.win32_1.1.100.202309141235/tools/bin/../lib/gcc/arm-none-eabi/11.3.1/../../../../arm-none-eabi/lib/thumb/v7-m/nofp\libc_nano.a(libc_a-ctype_.o)
                0x000000000800863b                _ctype_
                0x000000000800873c                . = ALIGN (0x4)

.rel.dyn        0x000000000800873c        0x0
 .rel.iplt      0x000000000800873c        0x0 D:/STM32CubeIDE_1.14.1/STM32CubeIDE/plugins/com.st.stm32cube.ide.mcu.externaltools.gnu-tools-for-stm32.11.3.rel1.win32_1.1.100.202309141235/tools/bin/../lib/gcc/arm-none-eabi/11.3.1/thumb/v7-m/nofp/crtbegin.o

.ARM.extab      0x000000000800873c        0x0
                0x000000000800873c                . = ALIGN (0x4)
 *(.ARM.extab* .gnu.linkonce.armextab.*)
                0x000000000800873c                . = ALIGN (0x4)

.ARM            0x000000000800873c        0x0
                0x000000000800873c                . = ALIGN (0x4)
                0x000000000800873c                __exidx_start = .
 *(.ARM.exidx*)
                0x000000000800873c                __exidx_end = .
                0x000000000800873c                . = ALIGN (0x4)

.preinit_array  0x000000000800873c        0x0
                0x000000000800873c                . = ALIGN (0x4)
                0x000000000800873c                PROVIDE (__preinit_array_start = .)
 *(.preinit_array*)
                0x000000000800873c                PROVIDE (__preinit_array_end = .)
                0x000000000800873c                . = ALIGN (0x4)

.init_array     0x000000000800873c        0x4
                0x000000000800873c                . = ALIGN (0x4)
                0x000000000800873c                PROVIDE (__init_array_start = .)
 *(SORT_BY_NAME(.init_array.*))
 *(.init_array*)
 .init_array    0x000000000800873c        0x4 D:/STM32CubeIDE_1.14.1/STM32CubeIDE/plugins/com.st.stm32cube.ide.mcu.externaltools.gnu-tools-for-stm32.11.3.rel1.win32_1.1.100.202309141235/tools/bin/../lib/gcc/arm-none-eabi/11.3.1/thumb/v7-m/nofp/crtbegin.o
                0x0000000008008740                PROVIDE (__init_array_end = .)
                0x0000000008008740                . = ALIGN (0x4)

.fini_array     0x0000000008008740        0x4
                0x0000000008008740                . = ALIGN (0x4)
                [!provide]                        PROVIDE (__fini_array_start = .)
 *(SORT_BY_NAME(.fini_array.*))
 *(.fini_array*)
 .fini_array    0x0000000008008740        0x4 D:/STM32CubeIDE_1.14.1/STM32CubeIDE/plugins/com.st.stm32cube.ide.mcu.externaltools.gnu-tools-for-stm32.11.3.rel1.win32_1.1.100.202309141235/tools/bin/../lib/gcc/arm-none-eabi/11.3.1/thumb/v7-m/nofp/crtbegin.o
                [!provide]                        PROVIDE (__fini_array_end = .)
                0x0000000008008744                . = ALIGN (0x4)
                0x0000000008008744                _sidata = LOADADDR (.data)

.data           0x0000000020000000      0x390 load address 0x0000000008008744
                0x0000000020000000                . = ALIGN (0x4)
                0x0000000020000000                _sdata = .
 *(.data)
 *(.data*)
 .data.TX_Data  0x0000000020000000      0x1c4 ./Core/Src/main.o
                0x0000000020000000                TX_Data
 .data.SystemCoreClock
                0x00000000200001c4        0x4 ./Core/Src/system_stm32f1xx.o
                0x00000000200001c4                SystemCoreClock
 .data.uwTickPrio
                0x00000000200001c8        0x4 ./Drivers/STM32F1xx_HAL_Driver/Src/stm32f1xx_hal.o
                0x00000000200001c8                uwTickPrio
 .data.uwTickFreq
                0x00000000200001cc        0x1 ./Drivers/STM32F1xx_HAL_Driver/Src/stm32f1xx_hal.o
                0x00000000200001cc                uwTickFreq
 *fill*         0x00000000200001cd        0x3 
 .data.USBD_CDC_DeviceQualifierDesc
                0x00000000200001d0        0xa ./Middlewares/ST/STM32_USB_Device_Library/Class/CDC/Src/usbd_cdc.o
 *fill*         0x00000000200001da        0x2 
 .data.USBD_CDC
                0x00000000200001dc       0x38 ./Middlewares/ST/STM32_USB_Device_Library/Class/CDC/Src/usbd_cdc.o
                0x00000000200001dc                USBD_CDC
 .data.USBD_CDC_CfgHSDesc
                0x0000000020000214       0x43 ./Middlewares/ST/STM32_USB_Device_Library/Class/CDC/Src/usbd_cdc.o
                0x0000000020000214                USBD_CDC_CfgHSDesc
 *fill*         0x0000000020000257        0x1 
 .data.USBD_CDC_CfgFSDesc
                0x0000000020000258       0x43 ./Middlewares/ST/STM32_USB_Device_Library/Class/CDC/Src/usbd_cdc.o
                0x0000000020000258                USBD_CDC_CfgFSDesc
 *fill*         0x000000002000029b        0x1 
 .data.USBD_CDC_OtherSpeedCfgDesc
                0x000000002000029c       0x43 ./Middlewares/ST/STM32_USB_Device_Library/Class/CDC/Src/usbd_cdc.o
                0x000000002000029c                USBD_CDC_OtherSpeedCfgDesc
 *fill*         0x00000000200002df        0x1 
 .data.USBD_Interface_fops_FS
                0x00000000200002e0       0x10 ./USB_DEVICE/App/usbd_cdc_if.o
                0x00000000200002e0                USBD_Interface_fops_FS
 .data.FS_Desc  0x00000000200002f0       0x1c ./USB_DEVICE/App/usbd_desc.o
                0x00000000200002f0                FS_Desc
 .data.USBD_FS_DeviceDesc
                0x000000002000030c       0x12 ./USB_DEVICE/App/usbd_desc.o
                0x000000002000030c                USBD_FS_DeviceDesc
 *fill*         0x000000002000031e        0x2 
 .data.USBD_LangIDDesc
                0x0000000020000320        0x4 ./USB_DEVICE/App/usbd_desc.o
                0x0000000020000320                USBD_LangIDDesc
 .data.USBD_StringSerial
                0x0000000020000324       0x1a ./USB_DEVICE/App/usbd_desc.o
                0x0000000020000324                USBD_StringSerial
 *fill*         0x000000002000033e        0x2 
 .data._impure_data
                0x0000000020000340       0x4c D:/STM32CubeIDE_1.14.1/STM32CubeIDE/plugins/com.st.stm32cube.ide.mcu.externaltools.gnu-tools-for-stm32.11.3.rel1.win32_1.1.100.202309141235/tools/bin/../lib/gcc/arm-none-eabi/11.3.1/../../../../arm-none-eabi/lib/thumb/v7-m/nofp\libc_nano.a(libc_a-impure.o)
                0x0000000020000340                _impure_data
 .data._impure_ptr
                0x000000002000038c        0x4 D:/STM32CubeIDE_1.14.1/STM32CubeIDE/plugins/com.st.stm32cube.ide.mcu.externaltools.gnu-tools-for-stm32.11.3.rel1.win32_1.1.100.202309141235/tools/bin/../lib/gcc/arm-none-eabi/11.3.1/../../../../arm-none-eabi/lib/thumb/v7-m/nofp\libc_nano.a(libc_a-impure.o)
                0x000000002000038c                _impure_ptr
 *(.RamFunc)
 *(.RamFunc*)
                0x0000000020000390                . = ALIGN (0x4)
                0x0000000020000390                _edata = .

.igot.plt       0x0000000020000390        0x0 load address 0x0000000008008ad4
 .igot.plt      0x0000000020000390        0x0 D:/STM32CubeIDE_1.14.1/STM32CubeIDE/plugins/com.st.stm32cube.ide.mcu.externaltools.gnu-tools-for-stm32.11.3.rel1.win32_1.1.100.202309141235/tools/bin/../lib/gcc/arm-none-eabi/11.3.1/thumb/v7-m/nofp/crtbegin.o
                0x0000000020000390                . = ALIGN (0x4)

.bss            0x0000000020000390     0x13f0 load address 0x0000000008008ad4
                0x0000000020000390                _sbss = .
                0x0000000020000390                __bss_start__ = _sbss
 *(.bss)
 .bss           0x0000000020000390       0x1c D:/STM32CubeIDE_1.14.1/STM32CubeIDE/plugins/com.st.stm32cube.ide.mcu.externaltools.gnu-tools-for-stm32.11.3.rel1.win32_1.1.100.202309141235/tools/bin/../lib/gcc/arm-none-eabi/11.3.1/thumb/v7-m/nofp/crtbegin.o
 *(.bss*)
 .bss.hspi1     0x00000000200003ac       0x58 ./Core/Src/main.o
                0x00000000200003ac                hspi1
 .bss.RX_USB_Flag
                0x0000000020000404        0x1 ./Core/Src/main.o
                0x0000000020000404                RX_USB_Flag
 *fill*         0x0000000020000405        0x3 
 .bss.RxBuffer  0x0000000020000408       0x64 ./Core/Src/main.o
                0x0000000020000408                RxBuffer
 .bss.uwTick    0x000000002000046c        0x4 ./Drivers/STM32F1xx_HAL_Driver/Src/stm32f1xx_hal.o
                0x000000002000046c                uwTick
 .bss.cfgidx.0  0x0000000020000470        0x1 ./Middlewares/ST/STM32_USB_Device_Library/Core/Src/usbd_ctlreq.o
 *fill*         0x0000000020000471        0x3 
 .bss.hUsbDeviceFS
                0x0000000020000474      0x2c4 ./USB_DEVICE/App/usb_device.o
                0x0000000020000474                hUsbDeviceFS
 .bss.UserRxBufferFS
                0x0000000020000738      0x400 ./USB_DEVICE/App/usbd_cdc_if.o
                0x0000000020000738                UserRxBufferFS
 .bss.UserTxBufferFS
                0x0000000020000b38      0x400 ./USB_DEVICE/App/usbd_cdc_if.o
                0x0000000020000b38                UserTxBufferFS
 .bss.USBD_StrDesc
                0x0000000020000f38      0x200 ./USB_DEVICE/App/usbd_desc.o
                0x0000000020000f38                USBD_StrDesc
 .bss.hpcd_USB_FS
                0x0000000020001138      0x2f0 ./USB_DEVICE/Target/usbd_conf.o
                0x0000000020001138                hpcd_USB_FS
 .bss.mem.0     0x0000000020001428      0x220 ./USB_DEVICE/Target/usbd_conf.o
 .bss.__sf      0x0000000020001648      0x138 D:/STM32CubeIDE_1.14.1/STM32CubeIDE/plugins/com.st.stm32cube.ide.mcu.externaltools.gnu-tools-for-stm32.11.3.rel1.win32_1.1.100.202309141235/tools/bin/../lib/gcc/arm-none-eabi/11.3.1/../../../../arm-none-eabi/lib/thumb/v7-m/nofp\libc_nano.a(libc_a-findfp.o)
                0x0000000020001648                __sf
 *(COMMON)
                0x0000000020001780                . = ALIGN (0x4)
                0x0000000020001780                _ebss = .
                0x0000000020001780                __bss_end__ = _ebss

._user_heap_stack
                0x0000000020001780      0x600 load address 0x0000000008008ad4
                0x0000000020001780                . = ALIGN (0x8)
                [!provide]                        PROVIDE (end = .)
                0x0000000020001780                PROVIDE (_end = .)
                0x0000000020001980                . = (. + _Min_Heap_Size)
 *fill*         0x0000000020001780      0x200 
                0x0000000020001d80                . = (. + _Min_Stack_Size)
 *fill*         0x0000000020001980      0x400 
                0x0000000020001d80                . = ALIGN (0x8)

/DISCARD/
 libc.a(*)
 libm.a(*)
 libgcc.a(*)

.ARM.attributes
                0x0000000000000000       0x29
 *(.ARM.attributes)
 .ARM.attributes
                0x0000000000000000       0x1d D:/STM32CubeIDE_1.14.1/STM32CubeIDE/plugins/com.st.stm32cube.ide.mcu.externaltools.gnu-tools-for-stm32.11.3.rel1.win32_1.1.100.202309141235/tools/bin/../lib/gcc/arm-none-eabi/11.3.1/thumb/v7-m/nofp/crti.o
 .ARM.attributes
                0x000000000000001d       0x2d D:/STM32CubeIDE_1.14.1/STM32CubeIDE/plugins/com.st.stm32cube.ide.mcu.externaltools.gnu-tools-for-stm32.11.3.rel1.win32_1.1.100.202309141235/tools/bin/../lib/gcc/arm-none-eabi/11.3.1/thumb/v7-m/nofp/crtbegin.o
 .ARM.attributes
                0x000000000000004a       0x2d ./Core/Src/main.o
 .ARM.attributes
                0x0000000000000077       0x2d ./Core/Src/stm32f1xx_hal_msp.o
 .ARM.attributes
                0x00000000000000a4       0x2d ./Core/Src/stm32f1xx_it.o
 .ARM.attributes
                0x00000000000000d1       0x2d ./Core/Src/system_stm32f1xx.o
 .ARM.attributes
                0x00000000000000fe       0x21 ./Core/Startup/startup_stm32f103c8tx.o
 .ARM.attributes
                0x000000000000011f       0x2d ./Drivers/STM32F1xx_HAL_Driver/Src/stm32f1xx_hal.o
 .ARM.attributes
                0x000000000000014c       0x2d ./Drivers/STM32F1xx_HAL_Driver/Src/stm32f1xx_hal_cortex.o
 .ARM.attributes
                0x0000000000000179       0x2d ./Drivers/STM32F1xx_HAL_Driver/Src/stm32f1xx_hal_gpio.o
 .ARM.attributes
                0x00000000000001a6       0x2d ./Drivers/STM32F1xx_HAL_Driver/Src/stm32f1xx_hal_pcd.o
 .ARM.attributes
                0x00000000000001d3       0x2d ./Drivers/STM32F1xx_HAL_Driver/Src/stm32f1xx_hal_pcd_ex.o
 .ARM.attributes
                0x0000000000000200       0x2d ./Drivers/STM32F1xx_HAL_Driver/Src/stm32f1xx_hal_rcc.o
 .ARM.attributes
                0x000000000000022d       0x2d ./Drivers/STM32F1xx_HAL_Driver/Src/stm32f1xx_hal_rcc_ex.o
 .ARM.attributes
                0x000000000000025a       0x2d ./Drivers/STM32F1xx_HAL_Driver/Src/stm32f1xx_hal_spi.o
 .ARM.attributes
                0x0000000000000287       0x2d ./Drivers/STM32F1xx_HAL_Driver/Src/stm32f1xx_ll_usb.o
 .ARM.attributes
                0x00000000000002b4       0x2d ./Middlewares/ST/STM32_USB_Device_Library/Class/CDC/Src/usbd_cdc.o
 .ARM.attributes
                0x00000000000002e1       0x2d ./Middlewares/ST/STM32_USB_Device_Library/Core/Src/usbd_core.o
 .ARM.attributes
                0x000000000000030e       0x2d ./Middlewares/ST/STM32_USB_Device_Library/Core/Src/usbd_ctlreq.o
 .ARM.attributes
                0x000000000000033b       0x2d ./Middlewares/ST/STM32_USB_Device_Library/Core/Src/usbd_ioreq.o
 .ARM.attributes
                0x0000000000000368       0x2d ./USB_DEVICE/App/usb_device.o
 .ARM.attributes
                0x0000000000000395       0x2d ./USB_DEVICE/App/usbd_cdc_if.o
 .ARM.attributes
                0x00000000000003c2       0x2d ./USB_DEVICE/App/usbd_desc.o
 .ARM.attributes
                0x00000000000003ef       0x2d ./USB_DEVICE/Target/usbd_conf.o
 .ARM.attributes
                0x000000000000041c       0x2d D:/STM32CubeIDE_1.14.1/STM32CubeIDE/plugins/com.st.stm32cube.ide.mcu.externaltools.gnu-tools-for-stm32.11.3.rel1.win32_1.1.100.202309141235/tools/bin/../lib/gcc/arm-none-eabi/11.3.1/../../../../arm-none-eabi/lib/thumb/v7-m/nofp\libc_nano.a(libc_a-itoa.o)
 .ARM.attributes
                0x0000000000000449       0x2d D:/STM32CubeIDE_1.14.1/STM32CubeIDE/plugins/com.st.stm32cube.ide.mcu.externaltools.gnu-tools-for-stm32.11.3.rel1.win32_1.1.100.202309141235/tools/bin/../lib/gcc/arm-none-eabi/11.3.1/../../../../arm-none-eabi/lib/thumb/v7-m/nofp\libc_nano.a(libc_a-strtol.o)
 .ARM.attributes
                0x0000000000000476       0x2d D:/STM32CubeIDE_1.14.1/STM32CubeIDE/plugins/com.st.stm32cube.ide.mcu.externaltools.gnu-tools-for-stm32.11.3.rel1.win32_1.1.100.202309141235/tools/bin/../lib/gcc/arm-none-eabi/11.3.1/../../../../arm-none-eabi/lib/thumb/v7-m/nofp\libc_nano.a(libc_a-utoa.o)
 .ARM.attributes
                0x00000000000004a3       0x2d D:/STM32CubeIDE_1.14.1/STM32CubeIDE/plugins/com.st.stm32cube.ide.mcu.externaltools.gnu-tools-for-stm32.11.3.rel1.win32_1.1.100.202309141235/tools/bin/../lib/gcc/arm-none-eabi/11.3.1/../../../../arm-none-eabi/lib/thumb/v7-m/nofp\libc_nano.a(libc_a-ctype_.o)
 .ARM.attributes
                0x00000000000004d0       0x2d D:/STM32CubeIDE_1.14.1/STM32CubeIDE/plugins/com.st.stm32cube.ide.mcu.externaltools.gnu-tools-for-stm32.11.3.rel1.win32_1.1.100.202309141235/tools/bin/../lib/gcc/arm-none-eabi/11.3.1/../../../../arm-none-eabi/lib/thumb/v7-m/nofp\libc_nano.a(libc_a-findfp.o)
 .ARM.attributes
                0x00000000000004fd       0x2d D:/STM32CubeIDE_1.14.1/STM32CubeIDE/plugins/com.st.stm32cube.ide.mcu.externaltools.gnu-tools-for-stm32.11.3.rel1.win32_1.1.100.202309141235/tools/bin/../lib/gcc/arm-none-eabi/11.3.1/../../../../arm-none-eabi/lib/thumb/v7-m/nofp\libc_nano.a(libc_a-memset.o)
 .ARM.attributes
                0x000000000000052a       0x2d D:/STM32CubeIDE_1.14.1/STM32CubeIDE/plugins/com.st.stm32cube.ide.mcu.externaltools.gnu-tools-for-stm32.11.3.rel1.win32_1.1.100.202309141235/tools/bin/../lib/gcc/arm-none-eabi/11.3.1/../../../../arm-none-eabi/lib/thumb/v7-m/nofp\libc_nano.a(libc_a-impure.o)
 .ARM.attributes
                0x0000000000000557       0x2d D:/STM32CubeIDE_1.14.1/STM32CubeIDE/plugins/com.st.stm32cube.ide.mcu.externaltools.gnu-tools-for-stm32.11.3.rel1.win32_1.1.100.202309141235/tools/bin/../lib/gcc/arm-none-eabi/11.3.1/../../../../arm-none-eabi/lib/thumb/v7-m/nofp\libc_nano.a(libc_a-errno.o)
 .ARM.attributes
                0x0000000000000584       0x2d D:/STM32CubeIDE_1.14.1/STM32CubeIDE/plugins/com.st.stm32cube.ide.mcu.externaltools.gnu-tools-for-stm32.11.3.rel1.win32_1.1.100.202309141235/tools/bin/../lib/gcc/arm-none-eabi/11.3.1/../../../../arm-none-eabi/lib/thumb/v7-m/nofp\libc_nano.a(libc_a-init.o)
 .ARM.attributes
                0x00000000000005b1       0x2d D:/STM32CubeIDE_1.14.1/STM32CubeIDE/plugins/com.st.stm32cube.ide.mcu.externaltools.gnu-tools-for-stm32.11.3.rel1.win32_1.1.100.202309141235/tools/bin/../lib/gcc/arm-none-eabi/11.3.1/../../../../arm-none-eabi/lib/thumb/v7-m/nofp\libc_nano.a(libc_a-strcpy.o)
 .ARM.attributes
                0x00000000000005de       0x17 D:/STM32CubeIDE_1.14.1/STM32CubeIDE/plugins/com.st.stm32cube.ide.mcu.externaltools.gnu-tools-for-stm32.11.3.rel1.win32_1.1.100.202309141235/tools/bin/../lib/gcc/arm-none-eabi/11.3.1/../../../../arm-none-eabi/lib/thumb/v7-m/nofp\libc_nano.a(libc_a-strlen.o)
 .ARM.attributes
                0x00000000000005f5       0x1d D:/STM32CubeIDE_1.14.1/STM32CubeIDE/plugins/com.st.stm32cube.ide.mcu.externaltools.gnu-tools-for-stm32.11.3.rel1.win32_1.1.100.202309141235/tools/bin/../lib/gcc/arm-none-eabi/11.3.1/thumb/v7-m/nofp/crtn.o
OUTPUT(Test_LMX2595.elf elf32-littlearm)
LOAD linker stubs
LOAD D:/STM32CubeIDE_1.14.1/STM32CubeIDE/plugins/com.st.stm32cube.ide.mcu.externaltools.gnu-tools-for-stm32.11.3.rel1.win32_1.1.100.202309141235/tools/bin/../lib/gcc/arm-none-eabi/11.3.1/../../../../arm-none-eabi/lib/thumb/v7-m/nofp\libc.a
LOAD D:/STM32CubeIDE_1.14.1/STM32CubeIDE/plugins/com.st.stm32cube.ide.mcu.externaltools.gnu-tools-for-stm32.11.3.rel1.win32_1.1.100.202309141235/tools/bin/../lib/gcc/arm-none-eabi/11.3.1/../../../../arm-none-eabi/lib/thumb/v7-m/nofp\libm.a
LOAD D:/STM32CubeIDE_1.14.1/STM32CubeIDE/plugins/com.st.stm32cube.ide.mcu.externaltools.gnu-tools-for-stm32.11.3.rel1.win32_1.1.100.202309141235/tools/bin/../lib/gcc/arm-none-eabi/11.3.1/thumb/v7-m/nofp\libgcc.a

.comment        0x0000000000000000       0x43
 .comment       0x0000000000000000       0x43 D:/STM32CubeIDE_1.14.1/STM32CubeIDE/plugins/com.st.stm32cube.ide.mcu.externaltools.gnu-tools-for-stm32.11.3.rel1.win32_1.1.100.202309141235/tools/bin/../lib/gcc/arm-none-eabi/11.3.1/thumb/v7-m/nofp/crtbegin.o
                                         0x44 (size before relaxing)
 .comment       0x0000000000000043       0x44 ./Core/Src/main.o
 .comment       0x0000000000000043       0x44 ./Core/Src/stm32f1xx_hal_msp.o
 .comment       0x0000000000000043       0x44 ./Core/Src/stm32f1xx_it.o
 .comment       0x0000000000000043       0x44 ./Core/Src/system_stm32f1xx.o
 .comment       0x0000000000000043       0x44 ./Drivers/STM32F1xx_HAL_Driver/Src/stm32f1xx_hal.o
 .comment       0x0000000000000043       0x44 ./Drivers/STM32F1xx_HAL_Driver/Src/stm32f1xx_hal_cortex.o
 .comment       0x0000000000000043       0x44 ./Drivers/STM32F1xx_HAL_Driver/Src/stm32f1xx_hal_gpio.o
 .comment       0x0000000000000043       0x44 ./Drivers/STM32F1xx_HAL_Driver/Src/stm32f1xx_hal_pcd.o
 .comment       0x0000000000000043       0x44 ./Drivers/STM32F1xx_HAL_Driver/Src/stm32f1xx_hal_pcd_ex.o
 .comment       0x0000000000000043       0x44 ./Drivers/STM32F1xx_HAL_Driver/Src/stm32f1xx_hal_rcc.o
 .comment       0x0000000000000043       0x44 ./Drivers/STM32F1xx_HAL_Driver/Src/stm32f1xx_hal_rcc_ex.o
 .comment       0x0000000000000043       0x44 ./Drivers/STM32F1xx_HAL_Driver/Src/stm32f1xx_hal_spi.o
 .comment       0x0000000000000043       0x44 ./Drivers/STM32F1xx_HAL_Driver/Src/stm32f1xx_ll_usb.o
 .comment       0x0000000000000043       0x44 ./Middlewares/ST/STM32_USB_Device_Library/Class/CDC/Src/usbd_cdc.o
 .comment       0x0000000000000043       0x44 ./Middlewares/ST/STM32_USB_Device_Library/Core/Src/usbd_core.o
 .comment       0x0000000000000043       0x44 ./Middlewares/ST/STM32_USB_Device_Library/Core/Src/usbd_ctlreq.o
 .comment       0x0000000000000043       0x44 ./Middlewares/ST/STM32_USB_Device_Library/Core/Src/usbd_ioreq.o
 .comment       0x0000000000000043       0x44 ./USB_DEVICE/App/usb_device.o
 .comment       0x0000000000000043       0x44 ./USB_DEVICE/App/usbd_cdc_if.o
 .comment       0x0000000000000043       0x44 ./USB_DEVICE/App/usbd_desc.o
 .comment       0x0000000000000043       0x44 ./USB_DEVICE/Target/usbd_conf.o

.debug_info     0x0000000000000000     0xe072
 .debug_info    0x0000000000000000      0xdb3 ./Core/Src/main.o
 .debug_info    0x0000000000000db3      0x815 ./Core/Src/stm32f1xx_hal_msp.o
 .debug_info    0x00000000000015c8      0x605 ./Core/Src/stm32f1xx_it.o
 .debug_info    0x0000000000001bcd      0x222 ./Core/Src/system_stm32f1xx.o
 .debug_info    0x0000000000001def       0x23 ./Core/Startup/startup_stm32f103c8tx.o
 .debug_info    0x0000000000001e12      0x704 ./Drivers/STM32F1xx_HAL_Driver/Src/stm32f1xx_hal.o
 .debug_info    0x0000000000002516      0xa87 ./Drivers/STM32F1xx_HAL_Driver/Src/stm32f1xx_hal_cortex.o
 .debug_info    0x0000000000002f9d      0x5ab ./Drivers/STM32F1xx_HAL_Driver/Src/stm32f1xx_hal_gpio.o
 .debug_info    0x0000000000003548     0x16cf ./Drivers/STM32F1xx_HAL_Driver/Src/stm32f1xx_hal_pcd.o
 .debug_info    0x0000000000004c17      0x6b6 ./Drivers/STM32F1xx_HAL_Driver/Src/stm32f1xx_hal_pcd_ex.o
 .debug_info    0x00000000000052cd      0x7d5 ./Drivers/STM32F1xx_HAL_Driver/Src/stm32f1xx_hal_rcc.o
 .debug_info    0x0000000000005aa2      0x3c0 ./Drivers/STM32F1xx_HAL_Driver/Src/stm32f1xx_hal_rcc_ex.o
 .debug_info    0x0000000000005e62     0x1503 ./Drivers/STM32F1xx_HAL_Driver/Src/stm32f1xx_hal_spi.o
 .debug_info    0x0000000000007365     0x17a2 ./Drivers/STM32F1xx_HAL_Driver/Src/stm32f1xx_ll_usb.o
 .debug_info    0x0000000000008b07     0x1036 ./Middlewares/ST/STM32_USB_Device_Library/Class/CDC/Src/usbd_cdc.o
 .debug_info    0x0000000000009b3d      0xa52 ./Middlewares/ST/STM32_USB_Device_Library/Core/Src/usbd_core.o
 .debug_info    0x000000000000a58f      0x91c ./Middlewares/ST/STM32_USB_Device_Library/Core/Src/usbd_ctlreq.o
 .debug_info    0x000000000000aeab      0x6a0 ./Middlewares/ST/STM32_USB_Device_Library/Core/Src/usbd_ioreq.o
 .debug_info    0x000000000000b54b      0x63d ./USB_DEVICE/App/usb_device.o
 .debug_info    0x000000000000bb88      0x846 ./USB_DEVICE/App/usbd_cdc_if.o
 .debug_info    0x000000000000c3ce      0x44a ./USB_DEVICE/App/usbd_desc.o
 .debug_info    0x000000000000c818     0x185a ./USB_DEVICE/Target/usbd_conf.o

.debug_abbrev   0x0000000000000000     0x2d92
 .debug_abbrev  0x0000000000000000      0x32d ./Core/Src/main.o
 .debug_abbrev  0x000000000000032d      0x1a5 ./Core/Src/stm32f1xx_hal_msp.o
 .debug_abbrev  0x00000000000004d2      0x192 ./Core/Src/stm32f1xx_it.o
 .debug_abbrev  0x0000000000000664      0x13f ./Core/Src/system_stm32f1xx.o
 .debug_abbrev  0x00000000000007a3       0x12 ./Core/Startup/startup_stm32f103c8tx.o
 .debug_abbrev  0x00000000000007b5      0x201 ./Drivers/STM32F1xx_HAL_Driver/Src/stm32f1xx_hal.o
 .debug_abbrev  0x00000000000009b6      0x2f8 ./Drivers/STM32F1xx_HAL_Driver/Src/stm32f1xx_hal_cortex.o
 .debug_abbrev  0x0000000000000cae      0x1ca ./Drivers/STM32F1xx_HAL_Driver/Src/stm32f1xx_hal_gpio.o
 .debug_abbrev  0x0000000000000e78      0x2d6 ./Drivers/STM32F1xx_HAL_Driver/Src/stm32f1xx_hal_pcd.o
 .debug_abbrev  0x000000000000114e      0x189 ./Drivers/STM32F1xx_HAL_Driver/Src/stm32f1xx_hal_pcd_ex.o
 .debug_abbrev  0x00000000000012d7      0x2b3 ./Drivers/STM32F1xx_HAL_Driver/Src/stm32f1xx_hal_rcc.o
 .debug_abbrev  0x000000000000158a      0x188 ./Drivers/STM32F1xx_HAL_Driver/Src/stm32f1xx_hal_rcc_ex.o
 .debug_abbrev  0x0000000000001712      0x284 ./Drivers/STM32F1xx_HAL_Driver/Src/stm32f1xx_hal_spi.o
 .debug_abbrev  0x0000000000001996      0x1de ./Drivers/STM32F1xx_HAL_Driver/Src/stm32f1xx_ll_usb.o
 .debug_abbrev  0x0000000000001b74      0x2d3 ./Middlewares/ST/STM32_USB_Device_Library/Class/CDC/Src/usbd_cdc.o
 .debug_abbrev  0x0000000000001e47      0x24a ./Middlewares/ST/STM32_USB_Device_Library/Core/Src/usbd_core.o
 .debug_abbrev  0x0000000000002091      0x26b ./Middlewares/ST/STM32_USB_Device_Library/Core/Src/usbd_ctlreq.o
 .debug_abbrev  0x00000000000022fc      0x192 ./Middlewares/ST/STM32_USB_Device_Library/Core/Src/usbd_ioreq.o
 .debug_abbrev  0x000000000000248e      0x18d ./USB_DEVICE/App/usb_device.o
 .debug_abbrev  0x000000000000261b      0x262 ./USB_DEVICE/App/usbd_cdc_if.o
 .debug_abbrev  0x000000000000287d      0x1ff ./USB_DEVICE/App/usbd_desc.o
 .debug_abbrev  0x0000000000002a7c      0x316 ./USB_DEVICE/Target/usbd_conf.o

.debug_aranges  0x0000000000000000      0xc78
 .debug_aranges
                0x0000000000000000       0x58 ./Core/Src/main.o
 .debug_aranges
                0x0000000000000058       0x30 ./Core/Src/stm32f1xx_hal_msp.o
 .debug_aranges
                0x0000000000000088       0x70 ./Core/Src/stm32f1xx_it.o
 .debug_aranges
                0x00000000000000f8       0x28 ./Core/Src/system_stm32f1xx.o
 .debug_aranges
                0x0000000000000120       0x28 ./Core/Startup/startup_stm32f103c8tx.o
 .debug_aranges
                0x0000000000000148       0xe0 ./Drivers/STM32F1xx_HAL_Driver/Src/stm32f1xx_hal.o
 .debug_aranges
                0x0000000000000228      0x100 ./Drivers/STM32F1xx_HAL_Driver/Src/stm32f1xx_hal_cortex.o
 .debug_aranges
                0x0000000000000328       0x58 ./Drivers/STM32F1xx_HAL_Driver/Src/stm32f1xx_hal_gpio.o
 .debug_aranges
                0x0000000000000380      0x140 ./Drivers/STM32F1xx_HAL_Driver/Src/stm32f1xx_hal_pcd.o
 .debug_aranges
                0x00000000000004c0       0x38 ./Drivers/STM32F1xx_HAL_Driver/Src/stm32f1xx_hal_pcd_ex.o
 .debug_aranges
                0x00000000000004f8       0x90 ./Drivers/STM32F1xx_HAL_Driver/Src/stm32f1xx_hal_rcc.o
 .debug_aranges
                0x0000000000000588       0x30 ./Drivers/STM32F1xx_HAL_Driver/Src/stm32f1xx_hal_rcc_ex.o
 .debug_aranges
                0x00000000000005b8      0x1d0 ./Drivers/STM32F1xx_HAL_Driver/Src/stm32f1xx_hal_spi.o
 .debug_aranges
                0x0000000000000788       0xf8 ./Drivers/STM32F1xx_HAL_Driver/Src/stm32f1xx_ll_usb.o
 .debug_aranges
                0x0000000000000880       0x90 ./Middlewares/ST/STM32_USB_Device_Library/Class/CDC/Src/usbd_cdc.o
 .debug_aranges
                0x0000000000000910       0xb8 ./Middlewares/ST/STM32_USB_Device_Library/Core/Src/usbd_core.o
 .debug_aranges
                0x00000000000009c8       0x88 ./Middlewares/ST/STM32_USB_Device_Library/Core/Src/usbd_ctlreq.o
 .debug_aranges
                0x0000000000000a50       0x50 ./Middlewares/ST/STM32_USB_Device_Library/Core/Src/usbd_ioreq.o
 .debug_aranges
                0x0000000000000aa0       0x20 ./USB_DEVICE/App/usb_device.o
 .debug_aranges
                0x0000000000000ac0       0x40 ./USB_DEVICE/App/usbd_cdc_if.o
 .debug_aranges
                0x0000000000000b00       0x60 ./USB_DEVICE/App/usbd_desc.o
 .debug_aranges
                0x0000000000000b60      0x118 ./USB_DEVICE/Target/usbd_conf.o

.debug_rnglists
                0x0000000000000000      0x943
 .debug_rnglists
                0x0000000000000000       0x50 ./Core/Src/main.o
 .debug_rnglists
                0x0000000000000050       0x20 ./Core/Src/stm32f1xx_hal_msp.o
 .debug_rnglists
                0x0000000000000070       0x4f ./Core/Src/stm32f1xx_it.o
 .debug_rnglists
                0x00000000000000bf       0x1a ./Core/Src/system_stm32f1xx.o
 .debug_rnglists
                0x00000000000000d9       0x19 ./Core/Startup/startup_stm32f103c8tx.o
 .debug_rnglists
                0x00000000000000f2       0xa3 ./Drivers/STM32F1xx_HAL_Driver/Src/stm32f1xx_hal.o
 .debug_rnglists
                0x0000000000000195       0xbb ./Drivers/STM32F1xx_HAL_Driver/Src/stm32f1xx_hal_cortex.o
 .debug_rnglists
                0x0000000000000250       0x3f ./Drivers/STM32F1xx_HAL_Driver/Src/stm32f1xx_hal_gpio.o
 .debug_rnglists
                0x000000000000028f       0xf4 ./Drivers/STM32F1xx_HAL_Driver/Src/stm32f1xx_hal_pcd.o
 .debug_rnglists
                0x0000000000000383       0x26 ./Drivers/STM32F1xx_HAL_Driver/Src/stm32f1xx_hal_pcd_ex.o
 .debug_rnglists
                0x00000000000003a9       0x6c ./Drivers/STM32F1xx_HAL_Driver/Src/stm32f1xx_hal_rcc.o
 .debug_rnglists
                0x0000000000000415       0x21 ./Drivers/STM32F1xx_HAL_Driver/Src/stm32f1xx_hal_rcc_ex.o
 .debug_rnglists
                0x0000000000000436      0x16e ./Drivers/STM32F1xx_HAL_Driver/Src/stm32f1xx_hal_spi.o
 .debug_rnglists
                0x00000000000005a4       0xbd ./Drivers/STM32F1xx_HAL_Driver/Src/stm32f1xx_ll_usb.o
 .debug_rnglists
                0x0000000000000661       0x6a ./Middlewares/ST/STM32_USB_Device_Library/Class/CDC/Src/usbd_cdc.o
 .debug_rnglists
                0x00000000000006cb       0x89 ./Middlewares/ST/STM32_USB_Device_Library/Core/Src/usbd_core.o
 .debug_rnglists
                0x0000000000000754       0x68 ./Middlewares/ST/STM32_USB_Device_Library/Core/Src/usbd_ctlreq.o
 .debug_rnglists
                0x00000000000007bc       0x37 ./Middlewares/ST/STM32_USB_Device_Library/Core/Src/usbd_ioreq.o
 .debug_rnglists
                0x00000000000007f3       0x13 ./USB_DEVICE/App/usb_device.o
 .debug_rnglists
                0x0000000000000806       0x2c ./USB_DEVICE/App/usbd_cdc_if.o
 .debug_rnglists
                0x0000000000000832       0x43 ./USB_DEVICE/App/usbd_desc.o
 .debug_rnglists
                0x0000000000000875       0xce ./USB_DEVICE/Target/usbd_conf.o

.debug_macro    0x0000000000000000    0x19548
 .debug_macro   0x0000000000000000      0x360 ./Core/Src/main.o
 .debug_macro   0x0000000000000360      0xa9c ./Core/Src/main.o
 .debug_macro   0x0000000000000dfc      0x21b ./Core/Src/main.o
 .debug_macro   0x0000000000001017       0x2e ./Core/Src/main.o
 .debug_macro   0x0000000000001045       0x22 ./Core/Src/main.o
 .debug_macro   0x0000000000001067       0x22 ./Core/Src/main.o
 .debug_macro   0x0000000000001089       0x8e ./Core/Src/main.o
 .debug_macro   0x0000000000001117       0x51 ./Core/Src/main.o
 .debug_macro   0x0000000000001168      0x103 ./Core/Src/main.o
 .debug_macro   0x000000000000126b       0x6a ./Core/Src/main.o
 .debug_macro   0x00000000000012d5      0x1df ./Core/Src/main.o
 .debug_macro   0x00000000000014b4       0x1c ./Core/Src/main.o
 .debug_macro   0x00000000000014d0       0x22 ./Core/Src/main.o
 .debug_macro   0x00000000000014f2       0xbd ./Core/Src/main.o
 .debug_macro   0x00000000000015af      0xd23 ./Core/Src/main.o
 .debug_macro   0x00000000000022d2     0xe09e ./Core/Src/main.o
 .debug_macro   0x0000000000010370       0x6d ./Core/Src/main.o
 .debug_macro   0x00000000000103dd     0x348d ./Core/Src/main.o
 .debug_macro   0x000000000001386a      0x174 ./Core/Src/main.o
 .debug_macro   0x00000000000139de       0x5c ./Core/Src/main.o
 .debug_macro   0x0000000000013a3a      0x5bc ./Core/Src/main.o
 .debug_macro   0x0000000000013ff6      0x289 ./Core/Src/main.o
 .debug_macro   0x000000000001427f      0x1cb ./Core/Src/main.o
 .debug_macro   0x000000000001444a      0x114 ./Core/Src/main.o
 .debug_macro   0x000000000001455e      0x1b2 ./Core/Src/main.o
 .debug_macro   0x0000000000014710       0x27 ./Core/Src/main.o
 .debug_macro   0x0000000000014737      0x136 ./Core/Src/main.o
 .debug_macro   0x000000000001486d      0x1bc ./Core/Src/main.o
 .debug_macro   0x0000000000014a29       0x34 ./Core/Src/main.o
 .debug_macro   0x0000000000014a5d       0x3c ./Core/Src/main.o
 .debug_macro   0x0000000000014a99       0x57 ./Core/Src/main.o
 .debug_macro   0x0000000000014af0       0x87 ./Core/Src/main.o
 .debug_macro   0x0000000000014b77      0x240 ./Core/Src/main.o
 .debug_macro   0x0000000000014db7      0x140 ./Core/Src/main.o
 .debug_macro   0x0000000000014ef7      0x217 ./Core/Src/main.o
 .debug_macro   0x000000000001510e       0xab ./Core/Src/main.o
 .debug_macro   0x00000000000151b9      0x242 ./Core/Src/main.o
 .debug_macro   0x00000000000153fb       0x83 ./Core/Src/main.o
 .debug_macro   0x000000000001547e       0x28 ./Core/Src/main.o
 .debug_macro   0x00000000000154a6       0x61 ./Core/Src/main.o
 .debug_macro   0x0000000000015507       0x24 ./Core/Src/main.o
 .debug_macro   0x000000000001552b       0x43 ./Core/Src/main.o
 .debug_macro   0x000000000001556e       0x34 ./Core/Src/main.o
 .debug_macro   0x00000000000155a2       0x16 ./Core/Src/main.o
 .debug_macro   0x00000000000155b8       0x35 ./Core/Src/main.o
 .debug_macro   0x00000000000155ed      0x369 ./Core/Src/main.o
 .debug_macro   0x0000000000015956       0x10 ./Core/Src/main.o
 .debug_macro   0x0000000000015966       0x16 ./Core/Src/main.o
 .debug_macro   0x000000000001597c       0x43 ./Core/Src/main.o
 .debug_macro   0x00000000000159bf       0x34 ./Core/Src/main.o
 .debug_macro   0x00000000000159f3       0x10 ./Core/Src/main.o
 .debug_macro   0x0000000000015a03       0x58 ./Core/Src/main.o
 .debug_macro   0x0000000000015a5b       0x8e ./Core/Src/main.o
 .debug_macro   0x0000000000015ae9       0x1c ./Core/Src/main.o
 .debug_macro   0x0000000000015b05      0x177 ./Core/Src/main.o
 .debug_macro   0x0000000000015c7c       0x16 ./Core/Src/main.o
 .debug_macro   0x0000000000015c92       0x16 ./Core/Src/main.o
 .debug_macro   0x0000000000015ca8      0x147 ./Core/Src/main.o
 .debug_macro   0x0000000000015def       0x16 ./Core/Src/main.o
 .debug_macro   0x0000000000015e05       0x16 ./Core/Src/main.o
 .debug_macro   0x0000000000015e1b       0x29 ./Core/Src/main.o
 .debug_macro   0x0000000000015e44       0x16 ./Core/Src/main.o
 .debug_macro   0x0000000000015e5a       0x20 ./Core/Src/main.o
 .debug_macro   0x0000000000015e7a       0x60 ./Core/Src/main.o
 .debug_macro   0x0000000000015eda      0x1c8 ./Core/Src/main.o
 .debug_macro   0x00000000000160a2       0x8f ./Core/Src/main.o
 .debug_macro   0x0000000000016131      0x1c1 ./Core/Src/stm32f1xx_hal_msp.o
 .debug_macro   0x00000000000162f2      0x1cb ./Core/Src/stm32f1xx_it.o
 .debug_macro   0x00000000000164bd      0x1b2 ./Core/Src/system_stm32f1xx.o
 .debug_macro   0x000000000001666f      0x1d6 ./Drivers/STM32F1xx_HAL_Driver/Src/stm32f1xx_hal.o
 .debug_macro   0x0000000000016845      0x1b2 ./Drivers/STM32F1xx_HAL_Driver/Src/stm32f1xx_hal_cortex.o
 .debug_macro   0x00000000000169f7      0x21d ./Drivers/STM32F1xx_HAL_Driver/Src/stm32f1xx_hal_gpio.o
 .debug_macro   0x0000000000016c14      0x1be ./Drivers/STM32F1xx_HAL_Driver/Src/stm32f1xx_hal_pcd.o
 .debug_macro   0x0000000000016dd2      0x1b2 ./Drivers/STM32F1xx_HAL_Driver/Src/stm32f1xx_hal_pcd_ex.o
 .debug_macro   0x0000000000016f84      0x1c4 ./Drivers/STM32F1xx_HAL_Driver/Src/stm32f1xx_hal_rcc.o
 .debug_macro   0x0000000000017148      0x1b2 ./Drivers/STM32F1xx_HAL_Driver/Src/stm32f1xx_hal_rcc_ex.o
 .debug_macro   0x00000000000172fa      0x1ba ./Drivers/STM32F1xx_HAL_Driver/Src/stm32f1xx_hal_spi.o
 .debug_macro   0x00000000000174b4      0x1b2 ./Drivers/STM32F1xx_HAL_Driver/Src/stm32f1xx_ll_usb.o
 .debug_macro   0x0000000000017666      0x350 ./Middlewares/ST/STM32_USB_Device_Library/Class/CDC/Src/usbd_cdc.o
 .debug_macro   0x00000000000179b6       0x97 ./Middlewares/ST/STM32_USB_Device_Library/Class/CDC/Src/usbd_cdc.o
 .debug_macro   0x0000000000017a4d       0xfd ./Middlewares/ST/STM32_USB_Device_Library/Class/CDC/Src/usbd_cdc.o
 .debug_macro   0x0000000000017b4a       0x56 ./Middlewares/ST/STM32_USB_Device_Library/Class/CDC/Src/usbd_cdc.o
 .debug_macro   0x0000000000017ba0      0x337 ./Middlewares/ST/STM32_USB_Device_Library/Core/Src/usbd_core.o
 .debug_macro   0x0000000000017ed7      0x1ce ./Middlewares/ST/STM32_USB_Device_Library/Core/Src/usbd_core.o
 .debug_macro   0x00000000000180a5      0x341 ./Middlewares/ST/STM32_USB_Device_Library/Core/Src/usbd_ctlreq.o
 .debug_macro   0x00000000000183e6      0x33d ./Middlewares/ST/STM32_USB_Device_Library/Core/Src/usbd_ioreq.o
 .debug_macro   0x0000000000018723      0x370 ./USB_DEVICE/App/usb_device.o
 .debug_macro   0x0000000000018a93       0x2e ./USB_DEVICE/App/usb_device.o
 .debug_macro   0x0000000000018ac1       0x22 ./USB_DEVICE/App/usb_device.o
 .debug_macro   0x0000000000018ae3       0x16 ./USB_DEVICE/App/usb_device.o
 .debug_macro   0x0000000000018af9      0x35b ./USB_DEVICE/App/usbd_cdc_if.o
 .debug_macro   0x0000000000018e54       0x10 ./USB_DEVICE/App/usbd_cdc_if.o
 .debug_macro   0x0000000000018e64      0x374 ./USB_DEVICE/App/usbd_desc.o
 .debug_macro   0x00000000000191d8       0x1c ./USB_DEVICE/App/usbd_desc.o
 .debug_macro   0x00000000000191f4      0x354 ./USB_DEVICE/Target/usbd_conf.o

.debug_line     0x0000000000000000    0x1036f
 .debug_line    0x0000000000000000      0xc83 ./Core/Src/main.o
 .debug_line    0x0000000000000c83      0x762 ./Core/Src/stm32f1xx_hal_msp.o
 .debug_line    0x00000000000013e5      0x800 ./Core/Src/stm32f1xx_it.o
 .debug_line    0x0000000000001be5      0x78c ./Core/Src/system_stm32f1xx.o
 .debug_line    0x0000000000002371       0x78 ./Core/Startup/startup_stm32f103c8tx.o
 .debug_line    0x00000000000023e9      0x9b9 ./Drivers/STM32F1xx_HAL_Driver/Src/stm32f1xx_hal.o
 .debug_line    0x0000000000002da2      0xba1 ./Drivers/STM32F1xx_HAL_Driver/Src/stm32f1xx_hal_cortex.o
 .debug_line    0x0000000000003943      0xa52 ./Drivers/STM32F1xx_HAL_Driver/Src/stm32f1xx_hal_gpio.o
 .debug_line    0x0000000000004395     0x13e7 ./Drivers/STM32F1xx_HAL_Driver/Src/stm32f1xx_hal_pcd.o
 .debug_line    0x000000000000577c      0x787 ./Drivers/STM32F1xx_HAL_Driver/Src/stm32f1xx_hal_pcd_ex.o
 .debug_line    0x0000000000005f03      0xdc2 ./Drivers/STM32F1xx_HAL_Driver/Src/stm32f1xx_hal_rcc.o
 .debug_line    0x0000000000006cc5      0x8fd ./Drivers/STM32F1xx_HAL_Driver/Src/stm32f1xx_hal_rcc_ex.o
 .debug_line    0x00000000000075c2     0x1c41 ./Drivers/STM32F1xx_HAL_Driver/Src/stm32f1xx_hal_spi.o
 .debug_line    0x0000000000009203     0x106e ./Drivers/STM32F1xx_HAL_Driver/Src/stm32f1xx_ll_usb.o
 .debug_line    0x000000000000a271      0xd0e ./Middlewares/ST/STM32_USB_Device_Library/Class/CDC/Src/usbd_cdc.o
 .debug_line    0x000000000000af7f      0xd8a ./Middlewares/ST/STM32_USB_Device_Library/Core/Src/usbd_core.o
 .debug_line    0x000000000000bd09      0xfc7 ./Middlewares/ST/STM32_USB_Device_Library/Core/Src/usbd_ctlreq.o
 .debug_line    0x000000000000ccd0      0xa20 ./Middlewares/ST/STM32_USB_Device_Library/Core/Src/usbd_ioreq.o
 .debug_line    0x000000000000d6f0      0x9e0 ./USB_DEVICE/App/usb_device.o
 .debug_line    0x000000000000e0d0      0xa2e ./USB_DEVICE/App/usbd_cdc_if.o
 .debug_line    0x000000000000eafe      0xaa9 ./USB_DEVICE/App/usbd_desc.o
 .debug_line    0x000000000000f5a7      0xdc8 ./USB_DEVICE/Target/usbd_conf.o

.debug_str      0x0000000000000000    0x86287
 .debug_str     0x0000000000000000    0x83316 ./Core/Src/main.o
                                      0x8374b (size before relaxing)
 .debug_str     0x0000000000083316       0x91 ./Core/Src/stm32f1xx_hal_msp.o
                                      0x7eef7 (size before relaxing)
 .debug_str     0x00000000000833a7      0x3cd ./Core/Src/stm32f1xx_it.o
                                      0x7ee8a (size before relaxing)
 .debug_str     0x0000000000083774       0x7e ./Core/Src/system_stm32f1xx.o
                                      0x7ea4b (size before relaxing)
 .debug_str     0x00000000000837f2       0x34 ./Core/Startup/startup_stm32f103c8tx.o
                                         0x5b (size before relaxing)
 .debug_str     0x0000000000083826      0x5fd ./Drivers/STM32F1xx_HAL_Driver/Src/stm32f1xx_hal.o
                                      0x7f17e (size before relaxing)
 .debug_str     0x0000000000083e23      0x293 ./Drivers/STM32F1xx_HAL_Driver/Src/stm32f1xx_hal_cortex.o
                                      0x7f0ca (size before relaxing)
 .debug_str     0x00000000000840b6      0x2e6 ./Drivers/STM32F1xx_HAL_Driver/Src/stm32f1xx_hal_gpio.o
                                      0x7edd1 (size before relaxing)
 .debug_str     0x000000000008439c      0x5bd ./Drivers/STM32F1xx_HAL_Driver/Src/stm32f1xx_hal_pcd.o
                                      0x7f35d (size before relaxing)
 .debug_str     0x0000000000084959      0x170 ./Drivers/STM32F1xx_HAL_Driver/Src/stm32f1xx_hal_pcd_ex.o
                                      0x7eebf (size before relaxing)
 .debug_str     0x0000000000084ac9      0x229 ./Drivers/STM32F1xx_HAL_Driver/Src/stm32f1xx_hal_rcc.o
                                      0x7ee7a (size before relaxing)
 .debug_str     0x0000000000084cf2       0x9f ./Drivers/STM32F1xx_HAL_Driver/Src/stm32f1xx_hal_rcc_ex.o
                                      0x7ebca (size before relaxing)
 .debug_str     0x0000000000084d91      0x53d ./Drivers/STM32F1xx_HAL_Driver/Src/stm32f1xx_hal_spi.o
                                      0x7f377 (size before relaxing)
 .debug_str     0x00000000000852ce      0x129 ./Drivers/STM32F1xx_HAL_Driver/Src/stm32f1xx_ll_usb.o
                                      0x7ef11 (size before relaxing)
 .debug_str     0x00000000000853f7      0x645 ./Middlewares/ST/STM32_USB_Device_Library/Class/CDC/Src/usbd_cdc.o
                                      0x839bb (size before relaxing)
 .debug_str     0x0000000000085a3c      0x281 ./Middlewares/ST/STM32_USB_Device_Library/Core/Src/usbd_core.o
                                      0x832f6 (size before relaxing)
 .debug_str     0x0000000000085cbd      0x120 ./Middlewares/ST/STM32_USB_Device_Library/Core/Src/usbd_ctlreq.o
                                      0x83210 (size before relaxing)
 .debug_str     0x0000000000085ddd       0x51 ./Middlewares/ST/STM32_USB_Device_Library/Core/Src/usbd_ioreq.o
                                      0x8313d (size before relaxing)
 .debug_str     0x0000000000085e2e      0x105 ./USB_DEVICE/App/usb_device.o
                                      0x834c8 (size before relaxing)
 .debug_str     0x0000000000085f33       0x84 ./USB_DEVICE/App/usbd_cdc_if.o
                                      0x83501 (size before relaxing)
 .debug_str     0x0000000000085fb7      0x258 ./USB_DEVICE/App/usbd_desc.o
                                      0x83079 (size before relaxing)
 .debug_str     0x000000000008620f       0x78 ./USB_DEVICE/Target/usbd_conf.o
                                      0x83f48 (size before relaxing)

.debug_frame    0x0000000000000000     0x3364
 .debug_frame   0x0000000000000000      0x11c ./Core/Src/main.o
 .debug_frame   0x000000000000011c       0x80 ./Core/Src/stm32f1xx_hal_msp.o
 .debug_frame   0x000000000000019c      0x13c ./Core/Src/stm32f1xx_it.o
 .debug_frame   0x00000000000002d8       0x58 ./Core/Src/system_stm32f1xx.o
 .debug_frame   0x0000000000000330      0x334 ./Drivers/STM32F1xx_HAL_Driver/Src/stm32f1xx_hal.o
 .debug_frame   0x0000000000000664      0x428 ./Drivers/STM32F1xx_HAL_Driver/Src/stm32f1xx_hal_cortex.o
 .debug_frame   0x0000000000000a8c      0x14c ./Drivers/STM32F1xx_HAL_Driver/Src/stm32f1xx_hal_gpio.o
 .debug_frame   0x0000000000000bd8      0x59c ./Drivers/STM32F1xx_HAL_Driver/Src/stm32f1xx_hal_pcd.o
 .debug_frame   0x0000000000001174       0xb0 ./Drivers/STM32F1xx_HAL_Driver/Src/stm32f1xx_hal_pcd_ex.o
 .debug_frame   0x0000000000001224      0x218 ./Drivers/STM32F1xx_HAL_Driver/Src/stm32f1xx_hal_rcc.o
 .debug_frame   0x000000000000143c       0x80 ./Drivers/STM32F1xx_HAL_Driver/Src/stm32f1xx_hal_rcc_ex.o
 .debug_frame   0x00000000000014bc      0x824 ./Drivers/STM32F1xx_HAL_Driver/Src/stm32f1xx_hal_spi.o
 .debug_frame   0x0000000000001ce0      0x478 ./Drivers/STM32F1xx_HAL_Driver/Src/stm32f1xx_ll_usb.o
 .debug_frame   0x0000000000002158      0x248 ./Middlewares/ST/STM32_USB_Device_Library/Class/CDC/Src/usbd_cdc.o
 .debug_frame   0x00000000000023a0      0x300 ./Middlewares/ST/STM32_USB_Device_Library/Core/Src/usbd_core.o
 .debug_frame   0x00000000000026a0      0x218 ./Middlewares/ST/STM32_USB_Device_Library/Core/Src/usbd_ctlreq.o
 .debug_frame   0x00000000000028b8      0x10c ./Middlewares/ST/STM32_USB_Device_Library/Core/Src/usbd_ioreq.o
 .debug_frame   0x00000000000029c4       0x2c ./USB_DEVICE/App/usb_device.o
 .debug_frame   0x00000000000029f0       0xbc ./USB_DEVICE/App/usbd_cdc_if.o
 .debug_frame   0x0000000000002aac      0x160 ./USB_DEVICE/App/usbd_desc.o
 .debug_frame   0x0000000000002c0c      0x4a4 ./USB_DEVICE/Target/usbd_conf.o
 .debug_frame   0x00000000000030b0       0x38 D:/STM32CubeIDE_1.14.1/STM32CubeIDE/plugins/com.st.stm32cube.ide.mcu.externaltools.gnu-tools-for-stm32.11.3.rel1.win32_1.1.100.202309141235/tools/bin/../lib/gcc/arm-none-eabi/11.3.1/../../../../arm-none-eabi/lib/thumb/v7-m/nofp\libc_nano.a(libc_a-itoa.o)
 .debug_frame   0x00000000000030e8       0x64 D:/STM32CubeIDE_1.14.1/STM32CubeIDE/plugins/com.st.stm32cube.ide.mcu.externaltools.gnu-tools-for-stm32.11.3.rel1.win32_1.1.100.202309141235/tools/bin/../lib/gcc/arm-none-eabi/11.3.1/../../../../arm-none-eabi/lib/thumb/v7-m/nofp\libc_nano.a(libc_a-strtol.o)
 .debug_frame   0x000000000000314c       0x48 D:/STM32CubeIDE_1.14.1/STM32CubeIDE/plugins/com.st.stm32cube.ide.mcu.externaltools.gnu-tools-for-stm32.11.3.rel1.win32_1.1.100.202309141235/tools/bin/../lib/gcc/arm-none-eabi/11.3.1/../../../../arm-none-eabi/lib/thumb/v7-m/nofp\libc_nano.a(libc_a-utoa.o)
 .debug_frame   0x0000000000003194      0x144 D:/STM32CubeIDE_1.14.1/STM32CubeIDE/plugins/com.st.stm32cube.ide.mcu.externaltools.gnu-tools-for-stm32.11.3.rel1.win32_1.1.100.202309141235/tools/bin/../lib/gcc/arm-none-eabi/11.3.1/../../../../arm-none-eabi/lib/thumb/v7-m/nofp\libc_nano.a(libc_a-findfp.o)
 .debug_frame   0x00000000000032d8       0x20 D:/STM32CubeIDE_1.14.1/STM32CubeIDE/plugins/com.st.stm32cube.ide.mcu.externaltools.gnu-tools-for-stm32.11.3.rel1.win32_1.1.100.202309141235/tools/bin/../lib/gcc/arm-none-eabi/11.3.1/../../../../arm-none-eabi/lib/thumb/v7-m/nofp\libc_nano.a(libc_a-memset.o)
 .debug_frame   0x00000000000032f8       0x20 D:/STM32CubeIDE_1.14.1/STM32CubeIDE/plugins/com.st.stm32cube.ide.mcu.externaltools.gnu-tools-for-stm32.11.3.rel1.win32_1.1.100.202309141235/tools/bin/../lib/gcc/arm-none-eabi/11.3.1/../../../../arm-none-eabi/lib/thumb/v7-m/nofp\libc_nano.a(libc_a-errno.o)
 .debug_frame   0x0000000000003318       0x2c D:/STM32CubeIDE_1.14.1/STM32CubeIDE/plugins/com.st.stm32cube.ide.mcu.externaltools.gnu-tools-for-stm32.11.3.rel1.win32_1.1.100.202309141235/tools/bin/../lib/gcc/arm-none-eabi/11.3.1/../../../../arm-none-eabi/lib/thumb/v7-m/nofp\libc_nano.a(libc_a-init.o)
 .debug_frame   0x0000000000003344       0x20 D:/STM32CubeIDE_1.14.1/STM32CubeIDE/plugins/com.st.stm32cube.ide.mcu.externaltools.gnu-tools-for-stm32.11.3.rel1.win32_1.1.100.202309141235/tools/bin/../lib/gcc/arm-none-eabi/11.3.1/../../../../arm-none-eabi/lib/thumb/v7-m/nofp\libc_nano.a(libc_a-strcpy.o)

.debug_line_str
                0x0000000000000000       0x4f
 .debug_line_str
                0x0000000000000000       0x4f ./Core/Startup/startup_stm32f103c8tx.o
                                         0x67 (size before relaxing)